Archive member included to satisfy reference by file (symbol)

d:/stm32_vscode_bag/gnu/bin/../lib/gcc/arm-none-eabi/10.3.1/../../../../arm-none-eabi/lib/thumb/v7-m/nofp\libc_nano.a(lib_a-errno.o)
                              build/sysmem.o (__errno)
d:/stm32_vscode_bag/gnu/bin/../lib/gcc/arm-none-eabi/10.3.1/../../../../arm-none-eabi/lib/thumb/v7-m/nofp\libc_nano.a(lib_a-exit.o)
                              d:/stm32_vscode_bag/gnu/bin/../lib/gcc/arm-none-eabi/10.3.1/../../../../arm-none-eabi/lib/thumb/v7-m/nofp/crt0.o (exit)
d:/stm32_vscode_bag/gnu/bin/../lib/gcc/arm-none-eabi/10.3.1/../../../../arm-none-eabi/lib/thumb/v7-m/nofp\libc_nano.a(lib_a-impure.o)
                              d:/stm32_vscode_bag/gnu/bin/../lib/gcc/arm-none-eabi/10.3.1/../../../../arm-none-eabi/lib/thumb/v7-m/nofp\libc_nano.a(lib_a-exit.o) (_global_impure_ptr)
d:/stm32_vscode_bag/gnu/bin/../lib/gcc/arm-none-eabi/10.3.1/../../../../arm-none-eabi/lib/thumb/v7-m/nofp\libc_nano.a(lib_a-init.o)
                              d:/stm32_vscode_bag/gnu/bin/../lib/gcc/arm-none-eabi/10.3.1/../../../../arm-none-eabi/lib/thumb/v7-m/nofp/crt0.o (__libc_init_array)
d:/stm32_vscode_bag/gnu/bin/../lib/gcc/arm-none-eabi/10.3.1/../../../../arm-none-eabi/lib/thumb/v7-m/nofp\libc_nano.a(lib_a-memset.o)
                              d:/stm32_vscode_bag/gnu/bin/../lib/gcc/arm-none-eabi/10.3.1/../../../../arm-none-eabi/lib/thumb/v7-m/nofp/crt0.o (memset)
d:/stm32_vscode_bag/gnu/bin/../lib/gcc/arm-none-eabi/10.3.1/../../../../arm-none-eabi/lib/thumb/v7-m/nofp\libc_nano.a(lib_a-nano-vfprintf_float.o)
                              (_printf_float)
d:/stm32_vscode_bag/gnu/bin/../lib/gcc/arm-none-eabi/10.3.1/../../../../arm-none-eabi/lib/thumb/v7-m/nofp\libc_nano.a(lib_a-nano-vfprintf_i.o)
                              d:/stm32_vscode_bag/gnu/bin/../lib/gcc/arm-none-eabi/10.3.1/../../../../arm-none-eabi/lib/thumb/v7-m/nofp\libc_nano.a(lib_a-nano-vfprintf_float.o) (_printf_common)
d:/stm32_vscode_bag/gnu/bin/../lib/gcc/arm-none-eabi/10.3.1/../../../../arm-none-eabi/lib/thumb/v7-m/nofp\libc_nano.a(lib_a-printf.o)
                              build/main.o (printf)
d:/stm32_vscode_bag/gnu/bin/../lib/gcc/arm-none-eabi/10.3.1/../../../../arm-none-eabi/lib/thumb/v7-m/nofp\libc_nano.a(lib_a-strlen.o)
                              d:/stm32_vscode_bag/gnu/bin/../lib/gcc/arm-none-eabi/10.3.1/../../../../arm-none-eabi/lib/thumb/v7-m/nofp\libc_nano.a(lib_a-nano-vfprintf_float.o) (strlen)
d:/stm32_vscode_bag/gnu/bin/../lib/gcc/arm-none-eabi/10.3.1/../../../../arm-none-eabi/lib/thumb/v7-m/nofp\libc_nano.a(lib_a-dtoa.o)
                              d:/stm32_vscode_bag/gnu/bin/../lib/gcc/arm-none-eabi/10.3.1/../../../../arm-none-eabi/lib/thumb/v7-m/nofp\libc_nano.a(lib_a-nano-vfprintf_float.o) (_dtoa_r)
d:/stm32_vscode_bag/gnu/bin/../lib/gcc/arm-none-eabi/10.3.1/../../../../arm-none-eabi/lib/thumb/v7-m/nofp\libc_nano.a(lib_a-findfp.o)
                              d:/stm32_vscode_bag/gnu/bin/../lib/gcc/arm-none-eabi/10.3.1/../../../../arm-none-eabi/lib/thumb/v7-m/nofp\libc_nano.a(lib_a-printf.o) (__sinit)
d:/stm32_vscode_bag/gnu/bin/../lib/gcc/arm-none-eabi/10.3.1/../../../../arm-none-eabi/lib/thumb/v7-m/nofp\libc_nano.a(lib_a-fwalk.o)
                              d:/stm32_vscode_bag/gnu/bin/../lib/gcc/arm-none-eabi/10.3.1/../../../../arm-none-eabi/lib/thumb/v7-m/nofp\libc_nano.a(lib_a-findfp.o) (_fwalk)
d:/stm32_vscode_bag/gnu/bin/../lib/gcc/arm-none-eabi/10.3.1/../../../../arm-none-eabi/lib/thumb/v7-m/nofp\libc_nano.a(lib_a-localeconv.o)
                              d:/stm32_vscode_bag/gnu/bin/../lib/gcc/arm-none-eabi/10.3.1/../../../../arm-none-eabi/lib/thumb/v7-m/nofp\libc_nano.a(lib_a-nano-vfprintf_float.o) (_localeconv_r)
d:/stm32_vscode_bag/gnu/bin/../lib/gcc/arm-none-eabi/10.3.1/../../../../arm-none-eabi/lib/thumb/v7-m/nofp\libc_nano.a(lib_a-lock.o)
                              d:/stm32_vscode_bag/gnu/bin/../lib/gcc/arm-none-eabi/10.3.1/../../../../arm-none-eabi/lib/thumb/v7-m/nofp\libc_nano.a(lib_a-findfp.o) (__retarget_lock_init_recursive)
d:/stm32_vscode_bag/gnu/bin/../lib/gcc/arm-none-eabi/10.3.1/../../../../arm-none-eabi/lib/thumb/v7-m/nofp\libc_nano.a(lib_a-malloc.o)
                              d:/stm32_vscode_bag/gnu/bin/../lib/gcc/arm-none-eabi/10.3.1/../../../../arm-none-eabi/lib/thumb/v7-m/nofp\libc_nano.a(lib_a-dtoa.o) (malloc)
d:/stm32_vscode_bag/gnu/bin/../lib/gcc/arm-none-eabi/10.3.1/../../../../arm-none-eabi/lib/thumb/v7-m/nofp\libc_nano.a(lib_a-memchr-stub.o)
                              d:/stm32_vscode_bag/gnu/bin/../lib/gcc/arm-none-eabi/10.3.1/../../../../arm-none-eabi/lib/thumb/v7-m/nofp\libc_nano.a(lib_a-nano-vfprintf_i.o) (memchr)
d:/stm32_vscode_bag/gnu/bin/../lib/gcc/arm-none-eabi/10.3.1/../../../../arm-none-eabi/lib/thumb/v7-m/nofp\libc_nano.a(lib_a-memcpy-stub.o)
                              d:/stm32_vscode_bag/gnu/bin/../lib/gcc/arm-none-eabi/10.3.1/../../../../arm-none-eabi/lib/thumb/v7-m/nofp\libc_nano.a(lib_a-dtoa.o) (memcpy)
[...]
Memory Configuration

Name             Origin             Length             Attributes
RAM              0x20000000         0x00005000         xrw
FLASH            0x08000000         0x00010000         xr
*default*        0x00000000         0xffffffff

Linker script and memory map

LOAD d:/stm32_vscode_bag/gnu/bin/../lib/gcc/arm-none-eabi/10.3.1/thumb/v7-m/nofp/crti.o
LOAD d:/stm32_vscode_bag/gnu/bin/../lib/gcc/arm-none-eabi/10.3.1/thumb/v7-m/nofp/crtbegin.o
LOAD d:/stm32_vscode_bag/gnu/bin/../lib/gcc/arm-none-eabi/10.3.1/../../../../arm-none-eabi/lib/thumb/v7-m/nofp/crt0.o
LOAD build/main.o
LOAD build/gpio.o
LOAD build/tim.o
LOAD build/stm32f1xx_it.o
LOAD build/stm32f1xx_hal_msp.o
LOAD build/stm32f1xx_hal_gpio_ex.o
LOAD build/stm32f1xx_hal_tim.o
LOAD build/stm32f1xx_hal_tim_ex.o
LOAD build/stm32f1xx_hal.o
LOAD build/stm32f1xx_hal_rcc.o
LOAD build/stm32f1xx_hal_rcc_ex.o
LOAD build/stm32f1xx_hal_gpio.o
LOAD build/stm32f1xx_hal_dma.o
LOAD build/stm32f1xx_hal_cortex.o
LOAD build/stm32f1xx_hal_pwr.o
LOAD build/stm32f1xx_hal_flash.o
LOAD build/stm32f1xx_hal_flash_ex.o
LOAD build/stm32f1xx_hal_exti.o
LOAD build/system_stm32f1xx.o
LOAD build/sysmem.o
LOAD build/syscalls.o
LOAD build/i2c.o
LOAD build/stm32f1xx_hal_i2c.o
LOAD build/usart.o
LOAD build/stm32f1xx_hal_uart.o
LOAD build/AS5600.o
LOAD build/test.o
LOAD build/PMSM_FOC.o
LOAD build/Master_PC.o
LOAD build/adc.o
LOAD build/stm32f1xx_hal_adc.o
LOAD build/stm32f1xx_hal_adc_ex.o
LOAD build/dma.o
LOAD build/startup_stm32f103xb.o
LOAD d:/stm32_vscode_bag/gnu/bin/../lib/gcc/arm-none-eabi/10.3.1/../../../../arm-none-eabi/lib/thumb/v7-m/nofp\libc_nano.a
LOAD d:/stm32_vscode_bag/gnu/bin/../lib/gcc/arm-none-eabi/10.3.1/../../../../arm-none-eabi/lib/thumb/v7-m/nofp\libm.a
LOAD d:/stm32_vscode_bag/gnu/bin/../lib/gcc/arm-none-eabi/10.3.1/../../../../arm-none-eabi/lib/thumb/v7-m/nofp\libnosys.a
START GROUP
LOAD d:/stm32_vscode_bag/gnu/bin/../lib/gcc/arm-none-eabi/10.3.1/thumb/v7-m/nofp\libgcc.a
LOAD d:/stm32_vscode_bag/gnu/bin/../lib/gcc/arm-none-eabi/10.3.1/../../../../arm-none-eabi/lib/thumb/v7-m/nofp\libc_nano.a
END GROUP
START GROUP
LOAD d:/stm32_vscode_bag/gnu/bin/../lib/gcc/arm-none-eabi/10.3.1/thumb/v7-m/nofp\libgcc.a
LOAD d:/stm32_vscode_bag/gnu/bin/../lib/gcc/arm-none-eabi/10.3.1/../../../../arm-none-eabi/lib/thumb/v7-m/nofp\libc_nano.a
END GROUP
LOAD d:/stm32_vscode_bag/gnu/bin/../lib/gcc/arm-none-eabi/10.3.1/thumb/v7-m/nofp/crtend.o
LOAD d:/stm32_vscode_bag/gnu/bin/../lib/gcc/arm-none-eabi/10.3.1/thumb/v7-m/nofp/crtn.o
                0x20005000                _estack = (ORIGIN (RAM) + LENGTH (RAM))
                0x00000200                _Min_Heap_Size = 0x200
                0x00000400                _Min_Stack_Size = 0x400

.isr_vector     0x08000000      0x10c
                0x08000000                . = ALIGN (0x4)
 *(.isr_vector)
 .isr_vector    0x08000000      0x10c build/startup_stm32f103xb.o
                0x08000000                g_pfnVectors
                0x0800010c                . = ALIGN (0x4)

.text           0x08000110     0x8d74
                0x08000110                . = ALIGN (0x4)
 *(.text)
 .text          0x08000110       0x40 d:/stm32_vscode_bag/gnu/bin/../lib/gcc/arm-none-eabi/10.3.1/thumb/v7-m/nofp/crtbegin.o
 .text          0x08000150       0x10 d:/stm32_vscode_bag/gnu/bin/../lib/gcc/arm-none-eabi/10.3.1/../../../../arm-none-eabi/lib/thumb/v7-m/nofp\libc_nano.a(lib_a-strlen.o)
                0x08000150                strlen
 .text          0x08000160      0x378 d:/stm32_vscode_bag/gnu/bin/../lib/gcc/arm-none-eabi/10.3.1/thumb/v7-m/nofp\libgcc.a(_arm_addsubdf3.o)
                0x08000160                __aeabi_drsub
                0x08000168                __aeabi_dsub
                0x08000168                __subdf3
                0x0800016c                __aeabi_dadd
                0x0800016c                __adddf3
                0x080003e4                __floatunsidf
                0x080003e4                __aeabi_ui2d
                0x08000404                __floatsidf
                0x08000404                __aeabi_i2d
                0x08000428                __aeabi_f2d
                0x08000428                __extendsfdf2
                0x0800046c                __floatundidf
                0x0800046c                __aeabi_ul2d
                0x0800047c                __floatdidf
                0x0800047c                __aeabi_l2d
 .text          0x080004d8      0x424 d:/stm32_vscode_bag/gnu/bin/../lib/gcc/arm-none-eabi/10.3.1/thumb/v7-m/nofp\libgcc.a(_arm_muldivdf3.o)
                0x080004d8                __aeabi_dmul
                0x080004d8                __muldf3
                0x0800072c                __divdf3
                0x0800072c                __aeabi_ddiv
 .text          0x080008fc      0x110 d:/stm32_vscode_bag/gnu/bin/../lib/gcc/arm-none-eabi/10.3.1/thumb/v7-m/nofp\libgcc.a(_arm_cmpdf2.o)
                0x080008fc                __gtdf2
                0x080008fc                __gedf2
                0x08000904                __ltdf2
                0x08000904                __ledf2
                0x0800090c                __nedf2
                0x0800090c                __eqdf2
                0x0800090c                __cmpdf2
                0x08000988                __aeabi_cdrcmple
                0x08000998                __aeabi_cdcmpeq
                0x08000998                __aeabi_cdcmple
                0x080009a8                __aeabi_dcmpeq
                0x080009bc                __aeabi_dcmplt
                0x080009d0                __aeabi_dcmple
                0x080009e4                __aeabi_dcmpge
                0x080009f8                __aeabi_dcmpgt
 .text          0x08000a0c       0x2c d:/stm32_vscode_bag/gnu/bin/../lib/gcc/arm-none-eabi/10.3.1/thumb/v7-m/nofp\libgcc.a(_arm_unorddf2.o)
                0x08000a0c                __unorddf2
                0x08000a0c                __aeabi_dcmpun
 .text          0x08000a38       0x50 d:/stm32_vscode_bag/gnu/bin/../lib/gcc/arm-none-eabi/10.3.1/thumb/v7-m/nofp\libgcc.a(_arm_fixdfsi.o)
                0x08000a38                __aeabi_d2iz
                0x08000a38                __fixdfsi
 .text          0x08000a88       0xa0 d:/stm32_vscode_bag/gnu/bin/../lib/gcc/arm-none-eabi/10.3.1/thumb/v7-m/nofp\libgcc.a(_arm_truncdfsf2.o)
                0x08000a88                __truncdfsf2
                0x08000a88                __aeabi_d2f
 .text          0x08000b28      0x21c d:/stm32_vscode_bag/gnu/bin/../lib/gcc/arm-none-eabi/10.3.1/thumb/v7-m/nofp\libgcc.a(_arm_addsubsf3.o)
                0x08000b28                __aeabi_frsub
                0x08000b30                __subsf3
                0x08000b30                __aeabi_fsub
                0x08000b34                __aeabi_fadd
                0x08000b34                __addsf3
                0x08000c94                __aeabi_ui2f
                0x08000c94                __floatunsisf
                0x08000c9c                __aeabi_i2f
                0x08000c9c                __floatsisf
                0x08000cb8                __aeabi_ul2f
                0x08000cb8                __floatundisf
                0x08000cc8                __aeabi_l2f
                0x08000cc8                __floatdisf
 .text          0x08000d44      0x2a0 d:/stm32_vscode_bag/gnu/bin/../lib/gcc/arm-none-eabi/10.3.1/thumb/v7-m/nofp\libgcc.a(_arm_muldivsf3.o)
                0x08000d44                __mulsf3
                0x08000d44                __aeabi_fmul
                0x08000eac                __aeabi_fdiv
                0x08000eac                __divsf3
 .text          0x08000fe4       0xec d:/stm32_vscode_bag/gnu/bin/../lib/gcc/arm-none-eabi/10.3.1/thumb/v7-m/nofp\libgcc.a(_arm_cmpsf2.o)
                0x08000fe4                __gesf2
                0x08000fe4                __gtsf2
                0x08000fec                __lesf2
                0x08000fec                __ltsf2
                0x08000ff4                __nesf2
                0x08000ff4                __eqsf2
                0x08000ff4                __cmpsf2
                0x08001054                __aeabi_cfrcmple
                0x0800105c                __aeabi_cfcmpeq
                0x0800105c                __aeabi_cfcmple
                0x0800106c                __aeabi_fcmpeq
                0x08001080                __aeabi_fcmplt
                0x08001094                __aeabi_fcmple
                0x080010a8                __aeabi_fcmpge
                0x080010bc                __aeabi_fcmpgt
 .text          0x080010d0       0x40 d:/stm32_vscode_bag/gnu/bin/../lib/gcc/arm-none-eabi/10.3.1/thumb/v7-m/nofp\libgcc.a(_arm_fixunssfsi.o)
                0x080010d0                __fixunssfsi
                0x080010d0                __aeabi_f2uiz
 *(.text*)
 .text.Error_Handler
                0x08001110        0x4 build/main.o
                0x08001110                Error_Handler
 .text.SystemClock_Config
                0x08001114       0x84 build/main.o
                0x08001114                SystemClock_Config
 .text.main     0x08001198      0x10c build/main.o
                0x08001198                main
 .text.MX_GPIO_Init
                0x080012a4       0x84 build/gpio.o
                0x080012a4                MX_GPIO_Init
 .text.MX_TIM3_Init
                0x08001328       0x70 build/tim.o
                0x08001328                MX_TIM3_Init
 .text.HAL_TIM_PWM_MspInit
                0x08001398       0x26 build/tim.o
                0x08001398                HAL_TIM_PWM_MspInit
 *fill*         0x080013be        0x2 
 .text.HAL_TIM_Base_MspInit
                0x080013c0       0x40 build/tim.o
                0x080013c0                HAL_TIM_Base_MspInit
 .text.HAL_TIM_MspPostInit
                0x08001400       0x4c build/tim.o
                0x08001400                HAL_TIM_MspPostInit
 .text.MX_TIM2_Init
                0x0800144c       0xa8 build/tim.o
                0x0800144c                MX_TIM2_Init
 .text.NMI_Handler
                0x080014f4        0x2 build/stm32f1xx_it.o
                0x080014f4                NMI_Handler
 .text.HardFault_Handler
                0x080014f6        0x2 build/stm32f1xx_it.o
                0x080014f6                HardFault_Handler
 .text.MemManage_Handler
                0x080014f8        0x2 build/stm32f1xx_it.o
                0x080014f8                MemManage_Handler
 .text.BusFault_Handler
                0x080014fa        0x2 build/stm32f1xx_it.o
                0x080014fa                BusFault_Handler
 .text.UsageFault_Handler
                0x080014fc        0x2 build/stm32f1xx_it.o
                0x080014fc                UsageFault_Handler
 .text.SVC_Handler
                0x080014fe        0x2 build/stm32f1xx_it.o
                0x080014fe                SVC_Handler
 .text.DebugMon_Handler
                0x08001500        0x2 build/stm32f1xx_it.o
                0x08001500                DebugMon_Handler
 .text.PendSV_Handler
                0x08001502        0x2 build/stm32f1xx_it.o
                0x08001502                PendSV_Handler
 .text.SysTick_Handler
                0x08001504        0x8 build/stm32f1xx_it.o
                0x08001504                SysTick_Handler
 .text.DMA1_Channel1_IRQHandler
                0x0800150c       0x10 build/stm32f1xx_it.o
                0x0800150c                DMA1_Channel1_IRQHandler
 .text.TIM3_IRQHandler
                0x0800151c       0x10 build/stm32f1xx_it.o
                0x0800151c                TIM3_IRQHandler
 .text.USART1_IRQHandler
                0x0800152c       0x10 build/stm32f1xx_it.o
                0x0800152c                USART1_IRQHandler
 .text.HAL_MspInit
                0x0800153c       0x44 build/stm32f1xx_hal_msp.o
                0x0800153c                HAL_MspInit
 .text.TIM_OC1_SetConfig
                0x08001580       0x5c build/stm32f1xx_hal_tim.o
 .text.TIM_OC3_SetConfig
                0x080015dc       0x64 build/stm32f1xx_hal_tim.o
 .text.TIM_OC4_SetConfig
                0x08001640       0x48 build/stm32f1xx_hal_tim.o
 .text.TIM_TI1_ConfigInputStage
                0x08001688       0x24 build/stm32f1xx_hal_tim.o
 .text.TIM_TI2_ConfigInputStage
                0x080016ac       0x26 build/stm32f1xx_hal_tim.o
 .text.TIM_ITRx_SetConfig
                0x080016d2       0x10 build/stm32f1xx_hal_tim.o
 *fill*         0x080016e2        0x2 
 .text.HAL_TIM_Base_Start_IT
                0x080016e4       0x68 build/stm32f1xx_hal_tim.o
                0x080016e4                HAL_TIM_Base_Start_IT
 .text.HAL_TIM_OC_DelayElapsedCallback
                0x0800174c        0x2 build/stm32f1xx_hal_tim.o
                0x0800174c                HAL_TIM_OC_DelayElapsedCallback
 .text.HAL_TIM_IC_CaptureCallback
                0x0800174e        0x2 build/stm32f1xx_hal_tim.o
                0x0800174e                HAL_TIM_IC_CaptureCallback
 .text.HAL_TIM_PWM_PulseFinishedCallback
                0x08001750        0x2 build/stm32f1xx_hal_tim.o
                0x08001750                HAL_TIM_PWM_PulseFinishedCallback
 .text.HAL_TIM_TriggerCallback
                0x08001752        0x2 build/stm32f1xx_hal_tim.o
                0x08001752                HAL_TIM_TriggerCallback
 .text.HAL_TIM_IRQHandler
                0x08001754      0x15e build/stm32f1xx_hal_tim.o
                0x08001754                HAL_TIM_IRQHandler
 *fill*         0x080018b2        0x2 
 .text.TIM_Base_SetConfig
                0x080018b4       0x84 build/stm32f1xx_hal_tim.o
                0x080018b4                TIM_Base_SetConfig
 .text.HAL_TIM_Base_Init
                0x08001938       0x58 build/stm32f1xx_hal_tim.o
                0x08001938                HAL_TIM_Base_Init
 .text.HAL_TIM_PWM_Init
                0x08001990       0x58 build/stm32f1xx_hal_tim.o
                0x08001990                HAL_TIM_PWM_Init
 .text.TIM_OC2_SetConfig
                0x080019e8       0x64 build/stm32f1xx_hal_tim.o
                0x080019e8                TIM_OC2_SetConfig
 .text.HAL_TIM_PWM_ConfigChannel
                0x08001a4c       0xdc build/stm32f1xx_hal_tim.o
                0x08001a4c                HAL_TIM_PWM_ConfigChannel
 .text.TIM_ETR_SetConfig
                0x08001b28       0x18 build/stm32f1xx_hal_tim.o
                0x08001b28                TIM_ETR_SetConfig
 .text.HAL_TIM_ConfigClockSource
                0x08001b40       0xfe build/stm32f1xx_hal_tim.o
                0x08001b40                HAL_TIM_ConfigClockSource
 .text.TIM_CCxChannelCmd
                0x08001c3e       0x1e build/stm32f1xx_hal_tim.o
                0x08001c3e                TIM_CCxChannelCmd
 .text.HAL_TIM_PWM_Start
                0x08001c5c       0xdc build/stm32f1xx_hal_tim.o
                0x08001c5c                HAL_TIM_PWM_Start
 .text.HAL_TIMEx_MasterConfigSynchronization
                0x08001d38       0x6c build/stm32f1xx_hal_tim_ex.o
                0x08001d38                HAL_TIMEx_MasterConfigSynchronization
 .text.HAL_TIMEx_CommutCallback
                0x08001da4        0x2 build/stm32f1xx_hal_tim_ex.o
                0x08001da4                HAL_TIMEx_CommutCallback
 .text.HAL_TIMEx_BreakCallback
                0x08001da6        0x2 build/stm32f1xx_hal_tim_ex.o
                0x08001da6                HAL_TIMEx_BreakCallback
 .text.HAL_InitTick
                0x08001da8       0x4c build/stm32f1xx_hal.o
                0x08001da8                HAL_InitTick
 .text.HAL_Init
                0x08001df4       0x24 build/stm32f1xx_hal.o
                0x08001df4                HAL_Init
 .text.HAL_IncTick
                0x08001e18       0x18 build/stm32f1xx_hal.o
                0x08001e18                HAL_IncTick
 .text.HAL_GetTick
                0x08001e30        0xc build/stm32f1xx_hal.o
                0x08001e30                HAL_GetTick
 .text.HAL_Delay
                0x08001e3c       0x28 build/stm32f1xx_hal.o
                0x08001e3c                HAL_Delay
 .text.RCC_Delay
                0x08001e64       0x2c build/stm32f1xx_hal_rcc.o
 .text.HAL_RCC_OscConfig
                0x08001e90      0x410 build/stm32f1xx_hal_rcc.o
                0x08001e90                HAL_RCC_OscConfig
 .text.HAL_RCC_GetSysClockFreq
                0x080022a0       0x54 build/stm32f1xx_hal_rcc.o
                0x080022a0                HAL_RCC_GetSysClockFreq
 .text.HAL_RCC_ClockConfig
                0x080022f4      0x16c build/stm32f1xx_hal_rcc.o
                0x080022f4                HAL_RCC_ClockConfig
 .text.HAL_RCC_GetHCLKFreq
                0x08002460        0xc build/stm32f1xx_hal_rcc.o
                0x08002460                HAL_RCC_GetHCLKFreq
 .text.HAL_RCC_GetPCLK1Freq
                0x0800246c       0x20 build/stm32f1xx_hal_rcc.o
                0x0800246c                HAL_RCC_GetPCLK1Freq
 .text.HAL_RCC_GetPCLK2Freq
                0x0800248c       0x20 build/stm32f1xx_hal_rcc.o
                0x0800248c                HAL_RCC_GetPCLK2Freq
 .text.HAL_RCCEx_PeriphCLKConfig
                0x080024ac      0x118 build/stm32f1xx_hal_rcc_ex.o
                0x080024ac                HAL_RCCEx_PeriphCLKConfig
 .text.HAL_RCCEx_GetPeriphCLKFreq
                0x080025c4       0xd8 build/stm32f1xx_hal_rcc_ex.o
                0x080025c4                HAL_RCCEx_GetPeriphCLKFreq
 .text.HAL_GPIO_Init
                0x0800269c      0x224 build/stm32f1xx_hal_gpio.o
                0x0800269c                HAL_GPIO_Init
 .text.HAL_GPIO_WritePin
                0x080028c0        0xc build/stm32f1xx_hal_gpio.o
                0x080028c0                HAL_GPIO_WritePin
 .text.DMA_SetConfig
                0x080028cc       0x2c build/stm32f1xx_hal_dma.o
 .text.HAL_DMA_Init
                0x080028f8       0x6c build/stm32f1xx_hal_dma.o
                0x080028f8                HAL_DMA_Init
 .text.HAL_DMA_Start_IT
                0x08002964       0x76 build/stm32f1xx_hal_dma.o
                0x08002964                HAL_DMA_Start_IT
 .text.HAL_DMA_Abort
                0x080029da       0x46 build/stm32f1xx_hal_dma.o
                0x080029da                HAL_DMA_Abort
 .text.HAL_DMA_Abort_IT
                0x08002a20       0x98 build/stm32f1xx_hal_dma.o
                0x08002a20                HAL_DMA_Abort_IT
 .text.HAL_DMA_IRQHandler
                0x08002ab8      0x144 build/stm32f1xx_hal_dma.o
                0x08002ab8                HAL_DMA_IRQHandler
 .text.HAL_NVIC_SetPriorityGrouping
                0x08002bfc       0x24 build/stm32f1xx_hal_cortex.o
                0x08002bfc                HAL_NVIC_SetPriorityGrouping
 .text.HAL_NVIC_SetPriority
                0x08002c20       0x70 build/stm32f1xx_hal_cortex.o
                0x08002c20                HAL_NVIC_SetPriority
 .text.HAL_NVIC_EnableIRQ
                0x08002c90       0x1c build/stm32f1xx_hal_cortex.o
                0x08002c90                HAL_NVIC_EnableIRQ
 .text.HAL_SYSTICK_Config
                0x08002cac       0x28 build/stm32f1xx_hal_cortex.o
                0x08002cac                HAL_SYSTICK_Config
 .text.SystemInit
                0x08002cd4        0x2 build/system_stm32f1xx.o
                0x08002cd4                SystemInit
 *fill*         0x08002cd6        0x2 
 .text._sbrk    0x08002cd8       0x48 build/sysmem.o
                0x08002cd8                _sbrk
 .text._getpid  0x08002d20        0x4 build/syscalls.o
                0x08002d20                _getpid
 .text._kill    0x08002d24       0x10 build/syscalls.o
                0x08002d24                _kill
 .text._exit    0x08002d34        0xc build/syscalls.o
                0x08002d34                _exit
 .text._read    0x08002d40       0x20 build/syscalls.o
                0x08002d40                _read
 .text._close   0x08002d60        0x6 build/syscalls.o
                0x08002d60                _close
 .text._fstat   0x08002d66        0xa build/syscalls.o
                0x08002d66                _fstat
 .text._isatty  0x08002d70        0x4 build/syscalls.o
                0x08002d70                _isatty
 .text._lseek   0x08002d74        0x4 build/syscalls.o
                0x08002d74                _lseek
 .text.MX_I2C1_Init
                0x08002d78       0x3c build/i2c.o
                0x08002d78                MX_I2C1_Init
 .text.HAL_I2C_MspInit
                0x08002db4       0x78 build/i2c.o
                0x08002db4                HAL_I2C_MspInit
 .text.I2C_IsAcknowledgeFailed
                0x08002e2c       0x32 build/stm32f1xx_hal_i2c.o
 .text.I2C_WaitOnFlagUntilTimeout
                0x08002e5e       0xaa build/stm32f1xx_hal_i2c.o
 .text.I2C_WaitOnMasterAddressFlagUntilTimeout
                0x08002f08       0xd6 build/stm32f1xx_hal_i2c.o
 .text.I2C_WaitOnTXEFlagUntilTimeout
                0x08002fde       0x5e build/stm32f1xx_hal_i2c.o
 .text.I2C_RequestMemoryRead
                0x0800303c      0x154 build/stm32f1xx_hal_i2c.o
 .text.I2C_WaitOnRXNEFlagUntilTimeout
                0x08003190       0x78 build/stm32f1xx_hal_i2c.o
 .text.HAL_I2C_Init
                0x08003208      0x1bc build/stm32f1xx_hal_i2c.o
                0x08003208                HAL_I2C_Init
 .text.HAL_I2C_Mem_Read
                0x080033c4      0x35c build/stm32f1xx_hal_i2c.o
                0x080033c4                HAL_I2C_Mem_Read
 .text.MX_USART1_UART_Init
                0x08003720       0x34 build/usart.o
                0x08003720                MX_USART1_UART_Init
 .text.HAL_UART_MspInit
                0x08003754       0x88 build/usart.o
                0x08003754                HAL_UART_MspInit
 .text.UART_EndRxTransfer
                0x080037dc       0x5c build/stm32f1xx_hal_uart.o
 .text.UART_Transmit_IT
                0x08003838       0x60 build/stm32f1xx_hal_uart.o
 .text.UART_SetConfig
                0x08003898       0x94 build/stm32f1xx_hal_uart.o
 .text.UART_WaitOnFlagUntilTimeout
                0x0800392c       0x8a build/stm32f1xx_hal_uart.o
 .text.HAL_UART_Init
                0x080039b6       0x60 build/stm32f1xx_hal_uart.o
                0x080039b6                HAL_UART_Init
 .text.HAL_UART_Transmit
                0x08003a16       0xcc build/stm32f1xx_hal_uart.o
                0x08003a16                HAL_UART_Transmit
 .text.HAL_UART_TxCpltCallback
                0x08003ae2        0x2 build/stm32f1xx_hal_uart.o
                0x08003ae2                HAL_UART_TxCpltCallback
 .text.UART_EndTransmit_IT
                0x08003ae4       0x1a build/stm32f1xx_hal_uart.o
 .text.HAL_UART_ErrorCallback
                0x08003afe        0x2 build/stm32f1xx_hal_uart.o
                0x08003afe                HAL_UART_ErrorCallback
 .text.UART_DMAAbortOnError
                0x08003b00       0x10 build/stm32f1xx_hal_uart.o
 .text.HAL_UARTEx_RxEventCallback
                0x08003b10        0x2 build/stm32f1xx_hal_uart.o
                0x08003b10                HAL_UARTEx_RxEventCallback
 .text.UART_Receive_IT
                0x08003b12       0xe6 build/stm32f1xx_hal_uart.o
 .text.HAL_UART_IRQHandler
                0x08003bf8      0x288 build/stm32f1xx_hal_uart.o
                0x08003bf8                HAL_UART_IRQHandler
 .text.UART_Start_Receive_IT
                0x08003e80       0x36 build/stm32f1xx_hal_uart.o
                0x08003e80                UART_Start_Receive_IT
 .text.HAL_UART_Receive_IT
                0x08003eb6       0x26 build/stm32f1xx_hal_uart.o
                0x08003eb6                HAL_UART_Receive_IT
 .text.AS5600_Read_Reg
                0x08003edc       0x24 build/AS5600.o
                0x08003edc                AS5600_Read_Reg
 .text.GetAngle_Without_Track
                0x08003f00       0x40 build/AS5600.o
                0x08003f00                GetAngle_Without_Track
 .text.GetAngle
                0x08003f40       0x68 build/AS5600.o
                0x08003f40                GetAngle
 .text.Get_CalibraAngle
                0x08003fa8       0x7c build/AS5600.o
                0x08003fa8                Get_CalibraAngle
 .text.Get_AngleSpeed
                0x08004024       0x2c build/AS5600.o
                0x08004024                Get_AngleSpeed
 .text._write   0x08004050       0x24 build/test.o
                0x08004050                _write
 .text.Rev_Park
                0x08004074       0xbc build/PMSM_FOC.o
                0x08004074                Rev_Park
 .text.CalculateSector
                0x08004130       0xe8 build/PMSM_FOC.o
                0x08004130                CalculateSector
 .text.CalulateDutyCycle
                0x08004218      0x178 build/PMSM_FOC.o
                0x08004218                CalulateDutyCycle
 .text.FOC_SVPWM
                0x08004390       0x58 build/PMSM_FOC.o
                0x08004390                FOC_SVPWM
 .text.FOC_Mode
                0x080043e8       0x38 build/PMSM_FOC.o
                0x080043e8                FOC_Mode
 .text.Set_ZeroAngle
                0x08004420       0x30 build/PMSM_FOC.o
                0x08004420                Set_ZeroAngle
 .text.LimitAmp
                0x08004450       0x22 build/PMSM_FOC.o
                0x08004450                LimitAmp
 *fill*         0x08004472        0x6 
 .text.Check_DriftOffsets
                0x08004478       0xb8 build/PMSM_FOC.o
                0x08004478                Check_DriftOffsets
 .text.Speed_PID_Ctrl
                0x08004530       0x58 build/PMSM_FOC.o
                0x08004530                Speed_PID_Ctrl
 .text.Speed_FOC_Ctrl
                0x08004588       0x28 build/PMSM_FOC.o
                0x08004588                Speed_FOC_Ctrl
 .text.HAL_TIM_PeriodElapsedCallback
                0x080045b0       0x28 build/PMSM_FOC.o
                0x080045b0                HAL_TIM_PeriodElapsedCallback
 .text.HAL_UART_RxCpltCallback
                0x080045d8      0x1a4 build/Master_PC.o
                0x080045d8                HAL_UART_RxCpltCallback
 .text.Get_vofa_PID_Rxflag
                0x0800477c       0x18 build/Master_PC.o
                0x0800477c                Get_vofa_PID_Rxflag
 .text.Get_On_or_off_Rxflag
                0x08004794       0x18 build/Master_PC.o
                0x08004794                Get_On_or_off_Rxflag
 .text.Get_id_Flag_1
                0x080047ac       0x10 build/Master_PC.o
                0x080047ac                Get_id_Flag_1
 .text.Get_id_Flag_2
                0x080047bc       0x14 build/Master_PC.o
                0x080047bc                Get_id_Flag_2
 .text.Pow_invert
                0x080047d0       0x20 build/Master_PC.o
                0x080047d0                Pow_invert
 .text.RxPacket_Data_Handle
                0x080047f0       0x94 build/Master_PC.o
                0x080047f0                RxPacket_Data_Handle
 .text.MX_ADC1_Init
                0x08004884       0x78 build/adc.o
                0x08004884                MX_ADC1_Init
 .text.HAL_ADC_MspInit
                0x080048fc       0x98 build/adc.o
                0x080048fc                HAL_ADC_MspInit
 .text.HAL_ADC_ConvCpltCallback
                0x08004994        0x2 build/stm32f1xx_hal_adc.o
                0x08004994                HAL_ADC_ConvCpltCallback
 .text.ADC_DMAConvCplt
                0x08004996       0x52 build/stm32f1xx_hal_adc.o
                0x08004996                ADC_DMAConvCplt
 .text.HAL_ADC_ConvHalfCpltCallback
                0x080049e8        0x2 build/stm32f1xx_hal_adc.o
                0x080049e8                HAL_ADC_ConvHalfCpltCallback
 .text.ADC_DMAHalfConvCplt
                0x080049ea        0xa build/stm32f1xx_hal_adc.o
                0x080049ea                ADC_DMAHalfConvCplt
 .text.HAL_ADC_ErrorCallback
                0x080049f4        0x2 build/stm32f1xx_hal_adc.o
                0x080049f4                HAL_ADC_ErrorCallback
 .text.ADC_DMAError
                0x080049f6       0x1a build/stm32f1xx_hal_adc.o
                0x080049f6                ADC_DMAError
 .text.HAL_ADC_ConfigChannel
                0x08004a10      0x144 build/stm32f1xx_hal_adc.o
                0x08004a10                HAL_ADC_ConfigChannel
 .text.ADC_Enable
                0x08004b54       0x88 build/stm32f1xx_hal_adc.o
                0x08004b54                ADC_Enable
 .text.HAL_ADC_Start_DMA
                0x08004bdc      0x130 build/stm32f1xx_hal_adc.o
                0x08004bdc                HAL_ADC_Start_DMA
 .text.ADC_ConversionStop_Disable
                0x08004d0c       0x56 build/stm32f1xx_hal_adc.o
                0x08004d0c                ADC_ConversionStop_Disable
 *fill*         0x08004d62        0x2 
 .text.HAL_ADC_Init
                0x08004d64      0x108 build/stm32f1xx_hal_adc.o
                0x08004d64                HAL_ADC_Init
 .text.HAL_ADCEx_Calibration_Start
                0x08004e6c      0x100 build/stm32f1xx_hal_adc_ex.o
                0x08004e6c                HAL_ADCEx_Calibration_Start
 .text.MX_DMA_Init
                0x08004f6c       0x34 build/dma.o
                0x08004f6c                MX_DMA_Init
 .text.Reset_Handler
                0x08004fa0       0x48 build/startup_stm32f103xb.o
                0x08004fa0                Reset_Handler
 .text.Default_Handler
                0x08004fe8        0x2 build/startup_stm32f103xb.o
                0x08004fe8                RTC_Alarm_IRQHandler
                0x08004fe8                EXTI2_IRQHandler
                0x08004fe8                TIM1_CC_IRQHandler
                0x08004fe8                PVD_IRQHandler
                0x08004fe8                EXTI3_IRQHandler
                0x08004fe8                EXTI0_IRQHandler
                0x08004fe8                I2C2_EV_IRQHandler
                0x08004fe8                ADC1_2_IRQHandler
                0x08004fe8                SPI1_IRQHandler
                0x08004fe8                TAMPER_IRQHandler
                0x08004fe8                DMA1_Channel4_IRQHandler
                0x08004fe8                USART3_IRQHandler
                0x08004fe8                RTC_IRQHandler
                0x08004fe8                DMA1_Channel7_IRQHandler
                0x08004fe8                CAN1_RX1_IRQHandler
                0x08004fe8                TIM4_IRQHandler
                0x08004fe8                I2C1_EV_IRQHandler
                0x08004fe8                DMA1_Channel6_IRQHandler
                0x08004fe8                RCC_IRQHandler
                0x08004fe8                TIM1_TRG_COM_IRQHandler
                0x08004fe8                Default_Handler
                0x08004fe8                EXTI15_10_IRQHandler
                0x08004fe8                EXTI9_5_IRQHandler
                0x08004fe8                SPI2_IRQHandler
                0x08004fe8                DMA1_Channel5_IRQHandler
                0x08004fe8                EXTI4_IRQHandler
                0x08004fe8                USB_LP_CAN1_RX0_IRQHandler
                0x08004fe8                USB_HP_CAN1_TX_IRQHandler
                0x08004fe8                DMA1_Channel3_IRQHandler
                0x08004fe8                TIM1_UP_IRQHandler
                0x08004fe8                WWDG_IRQHandler
                0x08004fe8                TIM2_IRQHandler
                0x08004fe8                TIM1_BRK_IRQHandler
                0x08004fe8                EXTI1_IRQHandler
                0x08004fe8                USART2_IRQHandler
                0x08004fe8                I2C2_ER_IRQHandler
                0x08004fe8                DMA1_Channel2_IRQHandler
                0x08004fe8                CAN1_SCE_IRQHandler
                0x08004fe8                FLASH_IRQHandler
                0x08004fe8                I2C1_ER_IRQHandler
                0x08004fe8                USBWakeUp_IRQHandler
 *fill*         0x08004fea        0x2 
 .text.__errno  0x08004fec        0xc d:/stm32_vscode_bag/gnu/bin/../lib/gcc/arm-none-eabi/10.3.1/../../../../arm-none-eabi/lib/thumb/v7-m/nofp\libc_nano.a(lib_a-errno.o)
                0x08004fec                __errno
 .text.__libc_init_array
                0x08004ff8       0x48 d:/stm32_vscode_bag/gnu/bin/../lib/gcc/arm-none-eabi/10.3.1/../../../../arm-none-eabi/lib/thumb/v7-m/nofp\libc_nano.a(lib_a-init.o)
                0x08004ff8                __libc_init_array
 .text.memset   0x08005040       0x10 d:/stm32_vscode_bag/gnu/bin/../lib/gcc/arm-none-eabi/10.3.1/../../../../arm-none-eabi/lib/thumb/v7-m/nofp\libc_nano.a(lib_a-memset.o)
                0x08005040                memset
 .text.__cvt    0x08005050       0xbe d:/stm32_vscode_bag/gnu/bin/../lib/gcc/arm-none-eabi/10.3.1/../../../../arm-none-eabi/lib/thumb/v7-m/nofp\libc_nano.a(lib_a-nano-vfprintf_float.o)
                0x08005050                __cvt
 .text.__exponent
                0x0800510e       0x7c d:/stm32_vscode_bag/gnu/bin/../lib/gcc/arm-none-eabi/10.3.1/../../../../arm-none-eabi/lib/thumb/v7-m/nofp\libc_nano.a(lib_a-nano-vfprintf_float.o)
                0x0800510e                __exponent
 *fill*         0x0800518a        0x2 
 .text._printf_float
                0x0800518c      0x458 d:/stm32_vscode_bag/gnu/bin/../lib/gcc/arm-none-eabi/10.3.1/../../../../arm-none-eabi/lib/thumb/v7-m/nofp\libc_nano.a(lib_a-nano-vfprintf_float.o)
                0x0800518c                _printf_float
 .text._printf_common
                0x080055e4       0xde d:/stm32_vscode_bag/gnu/bin/../lib/gcc/arm-none-eabi/10.3.1/../../../../arm-none-eabi/lib/thumb/v7-m/nofp\libc_nano.a(lib_a-nano-vfprintf_i.o)
                0x080055e4                _printf_common
 *fill*         0x080056c2        0x2 
 .text._printf_i
                0x080056c4      0x24c d:/stm32_vscode_bag/gnu/bin/../lib/gcc/arm-none-eabi/10.3.1/../../../../arm-none-eabi/lib/thumb/v7-m/nofp\libc_nano.a(lib_a-nano-vfprintf_i.o)
                0x080056c4                _printf_i
 .text.printf   0x08005910       0x30 d:/stm32_vscode_bag/gnu/bin/../lib/gcc/arm-none-eabi/10.3.1/../../../../arm-none-eabi/lib/thumb/v7-m/nofp\libc_nano.a(lib_a-printf.o)
                0x08005910                iprintf
                0x08005910                printf
 .text.quorem   0x08005940      0x118 d:/stm32_vscode_bag/gnu/bin/../lib/gcc/arm-none-eabi/10.3.1/../../../../arm-none-eabi/lib/thumb/v7-m/nofp\libc_nano.a(lib_a-dtoa.o)
 .text._dtoa_r  0x08005a58      0xbdc d:/stm32_vscode_bag/gnu/bin/../lib/gcc/arm-none-eabi/10.3.1/../../../../arm-none-eabi/lib/thumb/v7-m/nofp\libc_nano.a(lib_a-dtoa.o)
                0x08005a58                _dtoa_r
 .text.std      0x08006634       0x48 d:/stm32_vscode_bag/gnu/bin/../lib/gcc/arm-none-eabi/10.3.1/../../../../arm-none-eabi/lib/thumb/v7-m/nofp\libc_nano.a(lib_a-findfp.o)
 .text._cleanup_r
                0x0800667c        0xc d:/stm32_vscode_bag/gnu/bin/../lib/gcc/arm-none-eabi/10.3.1/../../../../arm-none-eabi/lib/thumb/v7-m/nofp\libc_nano.a(lib_a-findfp.o)
                0x0800667c                _cleanup_r
 .text.__sfmoreglue
                0x08006688       0x2c d:/stm32_vscode_bag/gnu/bin/../lib/gcc/arm-none-eabi/10.3.1/../../../../arm-none-eabi/lib/thumb/v7-m/nofp\libc_nano.a(lib_a-findfp.o)
                0x08006688                __sfmoreglue
 .text.__sfp_lock_acquire
                0x080066b4        0xc d:/stm32_vscode_bag/gnu/bin/../lib/gcc/arm-none-eabi/10.3.1/../../../../arm-none-eabi/lib/thumb/v7-m/nofp\libc_nano.a(lib_a-findfp.o)
                0x080066b4                __sfp_lock_acquire
 .text.__sfp_lock_release
                0x080066c0        0xc d:/stm32_vscode_bag/gnu/bin/../lib/gcc/arm-none-eabi/10.3.1/../../../../arm-none-eabi/lib/thumb/v7-m/nofp\libc_nano.a(lib_a-findfp.o)
                0x080066c0                __sfp_lock_release
 .text.__sinit_lock_acquire
                0x080066cc        0xc d:/stm32_vscode_bag/gnu/bin/../lib/gcc/arm-none-eabi/10.3.1/../../../../arm-none-eabi/lib/thumb/v7-m/nofp\libc_nano.a(lib_a-findfp.o)
                0x080066cc                __sinit_lock_acquire
 .text.__sinit_lock_release
                0x080066d8        0xc d:/stm32_vscode_bag/gnu/bin/../lib/gcc/arm-none-eabi/10.3.1/../../../../arm-none-eabi/lib/thumb/v7-m/nofp\libc_nano.a(lib_a-findfp.o)
                0x080066d8                __sinit_lock_release
 .text.__sinit  0x080066e4       0x70 d:/stm32_vscode_bag/gnu/bin/../lib/gcc/arm-none-eabi/10.3.1/../../../../arm-none-eabi/lib/thumb/v7-m/nofp\libc_nano.a(lib_a-findfp.o)
                0x080066e4                __sinit
 .text.__sfp    0x08006754       0x8c d:/stm32_vscode_bag/gnu/bin/../lib/gcc/arm-none-eabi/10.3.1/../../../../arm-none-eabi/lib/thumb/v7-m/nofp\libc_nano.a(lib_a-findfp.o)
                0x08006754                __sfp
 .text._fwalk_reent
                0x080067e0       0x3e d:/stm32_vscode_bag/gnu/bin/../lib/gcc/arm-none-eabi/10.3.1/../../../../arm-none-eabi/lib/thumb/v7-m/nofp\libc_nano.a(lib_a-fwalk.o)
                0x080067e0                _fwalk_reent
 *fill*         0x0800681e        0x2 
 .text._localeconv_r
                0x08006820        0x8 d:/stm32_vscode_bag/gnu/bin/../lib/gcc/arm-none-eabi/10.3.1/../../../../arm-none-eabi/lib/thumb/v7-m/nofp\libc_nano.a(lib_a-localeconv.o)
                0x08006820                _localeconv_r
 .text.__retarget_lock_init_recursive
                0x08006828        0x2 d:/stm32_vscode_bag/gnu/bin/../lib/gcc/arm-none-eabi/10.3.1/../../../../arm-none-eabi/lib/thumb/v7-m/nofp\libc_nano.a(lib_a-lock.o)
                0x08006828                __retarget_lock_init_recursive
 .text.__retarget_lock_acquire_recursive
                0x0800682a        0x2 d:/stm32_vscode_bag/gnu/bin/../lib/gcc/arm-none-eabi/10.3.1/../../../../arm-none-eabi/lib/thumb/v7-m/nofp\libc_nano.a(lib_a-lock.o)
                0x0800682a                __retarget_lock_acquire_recursive
 .text.__retarget_lock_release_recursive
                0x0800682c        0x2 d:/stm32_vscode_bag/gnu/bin/../lib/gcc/arm-none-eabi/10.3.1/../../../../arm-none-eabi/lib/thumb/v7-m/nofp\libc_nano.a(lib_a-lock.o)
                0x0800682c                __retarget_lock_release_recursive
 *fill*         0x0800682e        0x2 
 .text.malloc   0x08006830       0x10 d:/stm32_vscode_bag/gnu/bin/../lib/gcc/arm-none-eabi/10.3.1/../../../../arm-none-eabi/lib/thumb/v7-m/nofp\libc_nano.a(lib_a-malloc.o)
                0x08006830                malloc
 .text.memchr   0x08006840       0x1c d:/stm32_vscode_bag/gnu/bin/../lib/gcc/arm-none-eabi/10.3.1/../../../../arm-none-eabi/lib/thumb/v7-m/nofp\libc_nano.a(lib_a-memchr-stub.o)
                0x08006840                memchr
 .text.memcpy   0x0800685c       0x1c d:/stm32_vscode_bag/gnu/bin/../lib/gcc/arm-none-eabi/10.3.1/../../../../arm-none-eabi/lib/thumb/v7-m/nofp\libc_nano.a(lib_a-memcpy-stub.o)
                0x0800685c                memcpy
 .text._Balloc  0x08006878       0x80 d:/stm32_vscode_bag/gnu/bin/../lib/gcc/arm-none-eabi/10.3.1/../../../../arm-none-eabi/lib/thumb/v7-m/nofp\libc_nano.a(lib_a-mprec.o)
                0x08006878                _Balloc
 .text._Bfree   0x080068f8       0x44 d:/stm32_vscode_bag/gnu/bin/../lib/gcc/arm-none-eabi/10.3.1/../../../../arm-none-eabi/lib/thumb/v7-m/nofp\libc_nano.a(lib_a-mprec.o)
                0x080068f8                _Bfree
 .text.__multadd
                0x0800693c       0x8c d:/stm32_vscode_bag/gnu/bin/../lib/gcc/arm-none-eabi/10.3.1/../../../../arm-none-eabi/lib/thumb/v7-m/nofp\libc_nano.a(lib_a-mprec.o)
                0x0800693c                __multadd
 .text.__hi0bits
                0x080069c8       0x40 d:/stm32_vscode_bag/gnu/bin/../lib/gcc/arm-none-eabi/10.3.1/../../../../arm-none-eabi/lib/thumb/v7-m/nofp\libc_nano.a(lib_a-mprec.o)
                0x080069c8                __hi0bits
 .text.__lo0bits
                0x08006a08       0x5a d:/stm32_vscode_bag/gnu/bin/../lib/gcc/arm-none-eabi/10.3.1/../../../../arm-none-eabi/lib/thumb/v7-m/nofp\libc_nano.a(lib_a-mprec.o)
                0x08006a08                __lo0bits
 *fill*         0x08006a62        0x2 
 .text.__i2b    0x08006a64       0x2c d:/stm32_vscode_bag/gnu/bin/../lib/gcc/arm-none-eabi/10.3.1/../../../../arm-none-eabi/lib/thumb/v7-m/nofp\libc_nano.a(lib_a-mprec.o)
                0x08006a64                __i2b
 .text.__multiply
                0x08006a90      0x150 d:/stm32_vscode_bag/gnu/bin/../lib/gcc/arm-none-eabi/10.3.1/../../../../arm-none-eabi/lib/thumb/v7-m/nofp\libc_nano.a(lib_a-mprec.o)
                0x08006a90                __multiply
 .text.__pow5mult
                0x08006be0       0xb4 d:/stm32_vscode_bag/gnu/bin/../lib/gcc/arm-none-eabi/10.3.1/../../../../arm-none-eabi/lib/thumb/v7-m/nofp\libc_nano.a(lib_a-mprec.o)
                0x08006be0                __pow5mult
 .text.__lshift
                0x08006c94       0xe0 d:/stm32_vscode_bag/gnu/bin/../lib/gcc/arm-none-eabi/10.3.1/../../../../arm-none-eabi/lib/thumb/v7-m/nofp\libc_nano.a(lib_a-mprec.o)
                0x08006c94                __lshift
 .text.__mcmp   0x08006d74       0x36 d:/stm32_vscode_bag/gnu/bin/../lib/gcc/arm-none-eabi/10.3.1/../../../../arm-none-eabi/lib/thumb/v7-m/nofp\libc_nano.a(lib_a-mprec.o)
                0x08006d74                __mcmp
 *fill*         0x08006daa        0x2 
 .text.__mdiff  0x08006dac      0x118 d:/stm32_vscode_bag/gnu/bin/../lib/gcc/arm-none-eabi/10.3.1/../../../../arm-none-eabi/lib/thumb/v7-m/nofp\libc_nano.a(lib_a-mprec.o)
                0x08006dac                __mdiff
 .text.__d2b    0x08006ec4       0xb8 d:/stm32_vscode_bag/gnu/bin/../lib/gcc/arm-none-eabi/10.3.1/../../../../arm-none-eabi/lib/thumb/v7-m/nofp\libc_nano.a(lib_a-mprec.o)
                0x08006ec4                __d2b
 .text._calloc_r
                0x08006f7c       0x28 d:/stm32_vscode_bag/gnu/bin/../lib/gcc/arm-none-eabi/10.3.1/../../../../arm-none-eabi/lib/thumb/v7-m/nofp\libc_nano.a(lib_a-nano-callocr.o)
                0x08006f7c                _calloc_r
 .text._free_r  0x08006fa4       0x90 d:/stm32_vscode_bag/gnu/bin/../lib/gcc/arm-none-eabi/10.3.1/../../../../arm-none-eabi/lib/thumb/v7-m/nofp\libc_nano.a(lib_a-nano-freer.o)
                0x08006fa4                _free_r
 .text.sbrk_aligned
                0x08007034       0x40 d:/stm32_vscode_bag/gnu/bin/../lib/gcc/arm-none-eabi/10.3.1/../../../../arm-none-eabi/lib/thumb/v7-m/nofp\libc_nano.a(lib_a-nano-mallocr.o)
 .text._malloc_r
                0x08007074       0xe8 d:/stm32_vscode_bag/gnu/bin/../lib/gcc/arm-none-eabi/10.3.1/../../../../arm-none-eabi/lib/thumb/v7-m/nofp\libc_nano.a(lib_a-nano-mallocr.o)
                0x08007074                _malloc_r
 .text.__sfputc_r
                0x0800715c       0x2a d:/stm32_vscode_bag/gnu/bin/../lib/gcc/arm-none-eabi/10.3.1/../../../../arm-none-eabi/lib/thumb/v7-m/nofp\libc_nano.a(lib_a-nano-vfprintf.o)
 .text.__sfputs_r
                0x08007186       0x24 d:/stm32_vscode_bag/gnu/bin/../lib/gcc/arm-none-eabi/10.3.1/../../../../arm-none-eabi/lib/thumb/v7-m/nofp\libc_nano.a(lib_a-nano-vfprintf.o)
                0x08007186                __sfputs_r
 *fill*         0x080071aa        0x2 
 .text._vfprintf_r
                0x080071ac      0x260 d:/stm32_vscode_bag/gnu/bin/../lib/gcc/arm-none-eabi/10.3.1/../../../../arm-none-eabi/lib/thumb/v7-m/nofp\libc_nano.a(lib_a-nano-vfprintf.o)
                0x080071ac                _vfprintf_r
                0x080071ac                _vfiprintf_r
 .text._sbrk_r  0x0800740c       0x20 d:/stm32_vscode_bag/gnu/bin/../lib/gcc/arm-none-eabi/10.3.1/../../../../arm-none-eabi/lib/thumb/v7-m/nofp\libc_nano.a(lib_a-sbrkr.o)
                0x0800740c                _sbrk_r
 .text.__sread  0x0800742c       0x22 d:/stm32_vscode_bag/gnu/bin/../lib/gcc/arm-none-eabi/10.3.1/../../../../arm-none-eabi/lib/thumb/v7-m/nofp\libc_nano.a(lib_a-stdio.o)
                0x0800742c                __sread
 .text.__swrite
                0x0800744e       0x38 d:/stm32_vscode_bag/gnu/bin/../lib/gcc/arm-none-eabi/10.3.1/../../../../arm-none-eabi/lib/thumb/v7-m/nofp\libc_nano.a(lib_a-stdio.o)
                0x0800744e                __swrite
 .text.__sseek  0x08007486       0x24 d:/stm32_vscode_bag/gnu/bin/../lib/gcc/arm-none-eabi/10.3.1/../../../../arm-none-eabi/lib/thumb/v7-m/nofp\libc_nano.a(lib_a-stdio.o)
                0x08007486                __sseek
 .text.__sclose
                0x080074aa        0x8 d:/stm32_vscode_bag/gnu/bin/../lib/gcc/arm-none-eabi/10.3.1/../../../../arm-none-eabi/lib/thumb/v7-m/nofp\libc_nano.a(lib_a-stdio.o)
                0x080074aa                __sclose
 *fill*         0x080074b2        0x2 
 .text.__swbuf_r
                0x080074b4       0xa4 d:/stm32_vscode_bag/gnu/bin/../lib/gcc/arm-none-eabi/10.3.1/../../../../arm-none-eabi/lib/thumb/v7-m/nofp\libc_nano.a(lib_a-wbuf.o)
                0x080074b4                __swbuf_r
 .text._write_r
                0x08007558       0x24 d:/stm32_vscode_bag/gnu/bin/../lib/gcc/arm-none-eabi/10.3.1/../../../../arm-none-eabi/lib/thumb/v7-m/nofp\libc_nano.a(lib_a-writer.o)
                0x08007558                _write_r
 .text.__swsetup_r
                0x0800757c       0xdc d:/stm32_vscode_bag/gnu/bin/../lib/gcc/arm-none-eabi/10.3.1/../../../../arm-none-eabi/lib/thumb/v7-m/nofp\libc_nano.a(lib_a-wsetup.o)
                0x0800757c                __swsetup_r
 .text.__assert_func
                0x08007658       0x3c d:/stm32_vscode_bag/gnu/bin/../lib/gcc/arm-none-eabi/10.3.1/../../../../arm-none-eabi/lib/thumb/v7-m/nofp\libc_nano.a(lib_a-assert.o)
                0x08007658                __assert_func
 .text._close_r
                0x08007694       0x20 d:/stm32_vscode_bag/gnu/bin/../lib/gcc/arm-none-eabi/10.3.1/../../../../arm-none-eabi/lib/thumb/v7-m/nofp\libc_nano.a(lib_a-closer.o)
                0x08007694                _close_r
 .text.__sflush_r
                0x080076b4      0x104 d:/stm32_vscode_bag/gnu/bin/../lib/gcc/arm-none-eabi/10.3.1/../../../../arm-none-eabi/lib/thumb/v7-m/nofp\libc_nano.a(lib_a-fflush.o)
                0x080076b4                __sflush_r
 .text._fflush_r
                0x080077b8       0x78 d:/stm32_vscode_bag/gnu/bin/../lib/gcc/arm-none-eabi/10.3.1/../../../../arm-none-eabi/lib/thumb/v7-m/nofp\libc_nano.a(lib_a-fflush.o)
                0x080077b8                _fflush_r
 .text.fprintf  0x08007830       0x24 d:/stm32_vscode_bag/gnu/bin/../lib/gcc/arm-none-eabi/10.3.1/../../../../arm-none-eabi/lib/thumb/v7-m/nofp\libc_nano.a(lib_a-fprintf.o)
                0x08007830                fiprintf
                0x08007830                fprintf
 .text._lseek_r
                0x08007854       0x24 d:/stm32_vscode_bag/gnu/bin/../lib/gcc/arm-none-eabi/10.3.1/../../../../arm-none-eabi/lib/thumb/v7-m/nofp\libc_nano.a(lib_a-lseekr.o)
                0x08007854                _lseek_r
 .text.__swhatbuf_r
                0x08007878       0x4a d:/stm32_vscode_bag/gnu/bin/../lib/gcc/arm-none-eabi/10.3.1/../../../../arm-none-eabi/lib/thumb/v7-m/nofp\libc_nano.a(lib_a-makebuf.o)
                0x08007878                __swhatbuf_r
 *fill*         0x080078c2        0x2 
 .text.__smakebuf_r
                0x080078c4       0x80 d:/stm32_vscode_bag/gnu/bin/../lib/gcc/arm-none-eabi/10.3.1/../../../../arm-none-eabi/lib/thumb/v7-m/nofp\libc_nano.a(lib_a-makebuf.o)
                0x080078c4                __smakebuf_r
 .text.__ascii_mbtowc
                0x08007944       0x24 d:/stm32_vscode_bag/gnu/bin/../lib/gcc/arm-none-eabi/10.3.1/../../../../arm-none-eabi/lib/thumb/v7-m/nofp\libc_nano.a(lib_a-mbtowc_r.o)
                0x08007944                __ascii_mbtowc
 .text.__malloc_lock
                0x08007968        0xc d:/stm32_vscode_bag/gnu/bin/../lib/gcc/arm-none-eabi/10.3.1/../../../../arm-none-eabi/lib/thumb/v7-m/nofp\libc_nano.a(lib_a-mlock.o)
                0x08007968                __malloc_lock
 .text.__malloc_unlock
                0x08007974        0xc d:/stm32_vscode_bag/gnu/bin/../lib/gcc/arm-none-eabi/10.3.1/../../../../arm-none-eabi/lib/thumb/v7-m/nofp\libc_nano.a(lib_a-mlock.o)
                0x08007974                __malloc_unlock
 .text._read_r  0x08007980       0x24 d:/stm32_vscode_bag/gnu/bin/../lib/gcc/arm-none-eabi/10.3.1/../../../../arm-none-eabi/lib/thumb/v7-m/nofp\libc_nano.a(lib_a-readr.o)
                0x08007980                _read_r
 .text.__ascii_wctomb
                0x080079a4       0x1a d:/stm32_vscode_bag/gnu/bin/../lib/gcc/arm-none-eabi/10.3.1/../../../../arm-none-eabi/lib/thumb/v7-m/nofp\libc_nano.a(lib_a-wctomb_r.o)
                0x080079a4                __ascii_wctomb
 .text.abort    0x080079be        0xe d:/stm32_vscode_bag/gnu/bin/../lib/gcc/arm-none-eabi/10.3.1/../../../../arm-none-eabi/lib/thumb/v7-m/nofp\libc_nano.a(lib_a-abort.o)
                0x080079be                abort
 .text._fstat_r
                0x080079cc       0x24 d:/stm32_vscode_bag/gnu/bin/../lib/gcc/arm-none-eabi/10.3.1/../../../../arm-none-eabi/lib/thumb/v7-m/nofp\libc_nano.a(lib_a-fstatr.o)
                0x080079cc                _fstat_r
 .text._isatty_r
                0x080079f0       0x20 d:/stm32_vscode_bag/gnu/bin/../lib/gcc/arm-none-eabi/10.3.1/../../../../arm-none-eabi/lib/thumb/v7-m/nofp\libc_nano.a(lib_a-isattyr.o)
                0x080079f0                _isatty_r
 .text._raise_r
                0x08007a10       0x50 d:/stm32_vscode_bag/gnu/bin/../lib/gcc/arm-none-eabi/10.3.1/../../../../arm-none-eabi/lib/thumb/v7-m/nofp\libc_nano.a(lib_a-signal.o)
                0x08007a10                _raise_r
 .text.raise    0x08007a60       0x10 d:/stm32_vscode_bag/gnu/bin/../lib/gcc/arm-none-eabi/10.3.1/../../../../arm-none-eabi/lib/thumb/v7-m/nofp\libc_nano.a(lib_a-signal.o)
                0x08007a60                raise
 .text._kill_r  0x08007a70       0x24 d:/stm32_vscode_bag/gnu/bin/../lib/gcc/arm-none-eabi/10.3.1/../../../../arm-none-eabi/lib/thumb/v7-m/nofp\libc_nano.a(lib_a-signalr.o)
                0x08007a70                _kill_r
 .text._getpid_r
                0x08007a94        0x4 d:/stm32_vscode_bag/gnu/bin/../lib/gcc/arm-none-eabi/10.3.1/../../../../arm-none-eabi/lib/thumb/v7-m/nofp\libc_nano.a(lib_a-signalr.o)
                0x08007a94                _getpid_r
 .text.cos      0x08007a98       0xa4 d:/stm32_vscode_bag/gnu/bin/../lib/gcc/arm-none-eabi/10.3.1/../../../../arm-none-eabi/lib/thumb/v7-m/nofp\libm.a(lib_a-s_cos.o)
                0x08007a98                cos
 .text.sin      0x08007b3c       0xb0 d:/stm32_vscode_bag/gnu/bin/../lib/gcc/arm-none-eabi/10.3.1/../../../../arm-none-eabi/lib/thumb/v7-m/nofp\libm.a(lib_a-s_sin.o)
                0x08007b3c                sin
 *fill*         0x08007bec        0x4 
 .text.__ieee754_rem_pio2
                0x08007bf0      0x454 d:/stm32_vscode_bag/gnu/bin/../lib/gcc/arm-none-eabi/10.3.1/../../../../arm-none-eabi/lib/thumb/v7-m/nofp\libm.a(lib_a-e_rem_pio2.o)
                0x08007bf0                __ieee754_rem_pio2
 *fill*         0x08008044        0x4 
 .text.__kernel_cos
                0x08008048      0x250 d:/stm32_vscode_bag/gnu/bin/../lib/gcc/arm-none-eabi/10.3.1/../../../../arm-none-eabi/lib/thumb/v7-m/nofp\libm.a(lib_a-k_cos.o)
                0x08008048                __kernel_cos
 .text.__kernel_rem_pio2
                0x08008298      0x850 d:/stm32_vscode_bag/gnu/bin/../lib/gcc/arm-none-eabi/10.3.1/../../../../arm-none-eabi/lib/thumb/v7-m/nofp\libm.a(lib_a-k_rem_pio2.o)
                0x08008298                __kernel_rem_pio2
 .text.__kernel_sin
                0x08008ae8      0x184 d:/stm32_vscode_bag/gnu/bin/../lib/gcc/arm-none-eabi/10.3.1/../../../../arm-none-eabi/lib/thumb/v7-m/nofp\libm.a(lib_a-k_sin.o)
                0x08008ae8                __kernel_sin
 .text.fabs     0x08008c6c        0x8 d:/stm32_vscode_bag/gnu/bin/../lib/gcc/arm-none-eabi/10.3.1/../../../../arm-none-eabi/lib/thumb/v7-m/nofp\libm.a(lib_a-s_fabs.o)
                0x08008c6c                fabs
 *fill*         0x08008c74        0x4 
 .text.floor    0x08008c78       0xf8 d:/stm32_vscode_bag/gnu/bin/../lib/gcc/arm-none-eabi/10.3.1/../../../../arm-none-eabi/lib/thumb/v7-m/nofp\libm.a(lib_a-s_floor.o)
                0x08008c78                floor
 .text.scalbn   0x08008d70       0xfc d:/stm32_vscode_bag/gnu/bin/../lib/gcc/arm-none-eabi/10.3.1/../../../../arm-none-eabi/lib/thumb/v7-m/nofp\libm.a(lib_a-s_scalbn.o)
                0x08008d70                scalbn
 *(.glue_7)
 .glue_7        0x08008e6c        0x0 linker stubs
 *(.glue_7t)
 .glue_7t       0x08008e6c        0x0 linker stubs
 *(.eh_frame)
 .eh_frame      0x08008e6c        0x0 d:/stm32_vscode_bag/gnu/bin/../lib/gcc/arm-none-eabi/10.3.1/thumb/v7-m/nofp/crtbegin.o
 *(.init)
 .init          0x08008e6c        0x4 d:/stm32_vscode_bag/gnu/bin/../lib/gcc/arm-none-eabi/10.3.1/thumb/v7-m/nofp/crti.o
                0x08008e6c                _init
 .init          0x08008e70        0x8 d:/stm32_vscode_bag/gnu/bin/../lib/gcc/arm-none-eabi/10.3.1/thumb/v7-m/nofp/crtn.o
 *(.fini)
 .fini          0x08008e78        0x4 d:/stm32_vscode_bag/gnu/bin/../lib/gcc/arm-none-eabi/10.3.1/thumb/v7-m/nofp/crti.o
                0x08008e78                _fini
 .fini          0x08008e7c        0x8 d:/stm32_vscode_bag/gnu/bin/../lib/gcc/arm-none-eabi/10.3.1/thumb/v7-m/nofp/crtn.o
                0x08008e84                . = ALIGN (0x4)
                0x08008e84                _etext = .

.vfp11_veneer   0x08008e84        0x0
 .vfp11_veneer  0x08008e84        0x0 linker stubs

.v4_bx          0x08008e84        0x0
 .v4_bx         0x08008e84        0x0 linker stubs

.iplt           0x08008e84        0x0
 .iplt          0x08008e84        0x0 d:/stm32_vscode_bag/gnu/bin/../lib/gcc/arm-none-eabi/10.3.1/thumb/v7-m/nofp/crtbegin.o

.rodata         0x08008e88      0x640
                0x08008e88                . = ALIGN (0x4)
 *(.rodata)
 *(.rodata*)
 .rodata.main.str1.4
                0x08008e88        0x4 build/main.o
 .rodata.aPLLMULFactorTable.1
                0x08008e8c       0x10 build/stm32f1xx_hal_rcc.o
 .rodata.aPredivFactorTable.0
                0x08008e9c        0x2 build/stm32f1xx_hal_rcc.o
 *fill*         0x08008e9e        0x2 
 .rodata.aPLLMULFactorTable.1
                0x08008ea0       0x10 build/stm32f1xx_hal_rcc_ex.o
 .rodata.aPredivFactorTable.0
                0x08008eb0        0x2 build/stm32f1xx_hal_rcc_ex.o
 *fill*         0x08008eb2        0x2 
 .rodata.AHBPrescTable
                0x08008eb4       0x10 build/system_stm32f1xx.o
                0x08008eb4                AHBPrescTable
 .rodata.APBPrescTable
                0x08008ec4        0x8 build/system_stm32f1xx.o
                0x08008ec4                APBPrescTable
 .rodata._global_impure_ptr
                0x08008ecc        0x4 d:/stm32_vscode_bag/gnu/bin/../lib/gcc/arm-none-eabi/10.3.1/../../../../arm-none-eabi/lib/thumb/v7-m/nofp\libc_nano.a(lib_a-impure.o)
                0x08008ecc                _global_impure_ptr
 .rodata._printf_float.str1.1
                0x08008ed0       0x12 d:/stm32_vscode_bag/gnu/bin/../lib/gcc/arm-none-eabi/10.3.1/../../../../arm-none-eabi/lib/thumb/v7-m/nofp\libc_nano.a(lib_a-nano-vfprintf_float.o)
 .rodata._printf_i.str1.1
                0x08008ee2       0x22 d:/stm32_vscode_bag/gnu/bin/../lib/gcc/arm-none-eabi/10.3.1/../../../../arm-none-eabi/lib/thumb/v7-m/nofp\libc_nano.a(lib_a-nano-vfprintf_i.o)
 .rodata._dtoa_r.str1.1
                0x08008f04       0xb3 d:/stm32_vscode_bag/gnu/bin/../lib/gcc/arm-none-eabi/10.3.1/../../../../arm-none-eabi/lib/thumb/v7-m/nofp\libc_nano.a(lib_a-dtoa.o)
                                 0xb5 (size before relaxing)
 *fill*         0x08008fb7        0x1 
 .rodata.__sf_fake_stderr
                0x08008fb8       0x20 d:/stm32_vscode_bag/gnu/bin/../lib/gcc/arm-none-eabi/10.3.1/../../../../arm-none-eabi/lib/thumb/v7-m/nofp\libc_nano.a(lib_a-findfp.o)
                0x08008fb8                __sf_fake_stderr
 .rodata.__sf_fake_stdin
                0x08008fd8       0x20 d:/stm32_vscode_bag/gnu/bin/../lib/gcc/arm-none-eabi/10.3.1/../../../../arm-none-eabi/lib/thumb/v7-m/nofp\libc_nano.a(lib_a-findfp.o)
                0x08008fd8                __sf_fake_stdin
 .rodata.__sf_fake_stdout
                0x08008ff8       0x20 d:/stm32_vscode_bag/gnu/bin/../lib/gcc/arm-none-eabi/10.3.1/../../../../arm-none-eabi/lib/thumb/v7-m/nofp\libc_nano.a(lib_a-findfp.o)
                0x08008ff8                __sf_fake_stdout
 .rodata._Balloc.str1.1
                0x08009018       0x7f d:/stm32_vscode_bag/gnu/bin/../lib/gcc/arm-none-eabi/10.3.1/../../../../arm-none-eabi/lib/thumb/v7-m/nofp\libc_nano.a(lib_a-mprec.o)
                                 0x96 (size before relaxing)
 .rodata.__multadd.str1.1
                0x08009097       0x11 d:/stm32_vscode_bag/gnu/bin/../lib/gcc/arm-none-eabi/10.3.1/../../../../arm-none-eabi/lib/thumb/v7-m/nofp\libc_nano.a(lib_a-mprec.o)
 *fill*         0x08009097        0x1 
 .rodata.__mprec_bigtens
                0x08009098       0x28 d:/stm32_vscode_bag/gnu/bin/../lib/gcc/arm-none-eabi/10.3.1/../../../../arm-none-eabi/lib/thumb/v7-m/nofp\libc_nano.a(lib_a-mprec.o)
                0x08009098                __mprec_bigtens
 .rodata.__mprec_tens
                0x080090c0       0xc8 d:/stm32_vscode_bag/gnu/bin/../lib/gcc/arm-none-eabi/10.3.1/../../../../arm-none-eabi/lib/thumb/v7-m/nofp\libc_nano.a(lib_a-mprec.o)
                0x080090c0                __mprec_tens
 .rodata.p05.0  0x08009188        0xc d:/stm32_vscode_bag/gnu/bin/../lib/gcc/arm-none-eabi/10.3.1/../../../../arm-none-eabi/lib/thumb/v7-m/nofp\libc_nano.a(lib_a-mprec.o)
 .rodata._vfprintf_r.str1.1
                0x08009194       0x11 d:/stm32_vscode_bag/gnu/bin/../lib/gcc/arm-none-eabi/10.3.1/../../../../arm-none-eabi/lib/thumb/v7-m/nofp\libc_nano.a(lib_a-nano-vfprintf.o)
 .rodata.__assert_func.str1.1
                0x080091a5       0x3c d:/stm32_vscode_bag/gnu/bin/../lib/gcc/arm-none-eabi/10.3.1/../../../../arm-none-eabi/lib/thumb/v7-m/nofp\libc_nano.a(lib_a-assert.o)
                                 0x3d (size before relaxing)
 .rodata._setlocale_r.str1.1
                0x080091e1        0x8 d:/stm32_vscode_bag/gnu/bin/../lib/gcc/arm-none-eabi/10.3.1/../../../../arm-none-eabi/lib/thumb/v7-m/nofp\libc_nano.a(lib_a-locale.o)
                                  0x9 (size before relaxing)
 .rodata.str1.1
                0x080091e9        0x2 d:/stm32_vscode_bag/gnu/bin/../lib/gcc/arm-none-eabi/10.3.1/../../../../arm-none-eabi/lib/thumb/v7-m/nofp\libc_nano.a(lib_a-locale.o)
 .rodata._ctype_
                0x080091eb      0x101 d:/stm32_vscode_bag/gnu/bin/../lib/gcc/arm-none-eabi/10.3.1/../../../../arm-none-eabi/lib/thumb/v7-m/nofp\libc_nano.a(lib_a-ctype_.o)
                0x080091eb                _ctype_
 .rodata.npio2_hw
                0x080092ec       0x80 d:/stm32_vscode_bag/gnu/bin/../lib/gcc/arm-none-eabi/10.3.1/../../../../arm-none-eabi/lib/thumb/v7-m/nofp\libm.a(lib_a-e_rem_pio2.o)
 .rodata.two_over_pi
                0x0800936c      0x108 d:/stm32_vscode_bag/gnu/bin/../lib/gcc/arm-none-eabi/10.3.1/../../../../arm-none-eabi/lib/thumb/v7-m/nofp\libm.a(lib_a-e_rem_pio2.o)
 *fill*         0x08009474        0x4 
 .rodata.PIo2   0x08009478       0x40 d:/stm32_vscode_bag/gnu/bin/../lib/gcc/arm-none-eabi/10.3.1/../../../../arm-none-eabi/lib/thumb/v7-m/nofp\libm.a(lib_a-k_rem_pio2.o)
 .rodata.init_jk
                0x080094b8       0x10 d:/stm32_vscode_bag/gnu/bin/../lib/gcc/arm-none-eabi/10.3.1/../../../../arm-none-eabi/lib/thumb/v7-m/nofp\libm.a(lib_a-k_rem_pio2.o)
                0x080094c8                . = ALIGN (0x4)

.rel.dyn        0x080094c8        0x0
 .rel.iplt      0x080094c8        0x0 d:/stm32_vscode_bag/gnu/bin/../lib/gcc/arm-none-eabi/10.3.1/thumb/v7-m/nofp/crtbegin.o

.ARM.extab
 *(.ARM.extab* .gnu.linkonce.armextab.*)

.ARM            0x080094c8        0x0
                0x080094c8                __exidx_start = .
 *(.ARM.exidx*)
                0x080094c8                __exidx_end = .

.preinit_array  0x080094c8        0x0
                0x080094c8                PROVIDE (__preinit_array_start = .)
 *(.preinit_array*)
                0x080094c8                PROVIDE (__preinit_array_end = .)

.init_array     0x080094c8        0x4
                0x080094c8                PROVIDE (__init_array_start = .)
 *(SORT_BY_NAME(.init_array.*))
 *(.init_array*)
 .init_array    0x080094c8        0x4 d:/stm32_vscode_bag/gnu/bin/../lib/gcc/arm-none-eabi/10.3.1/thumb/v7-m/nofp/crtbegin.o
                0x080094cc                PROVIDE (__init_array_end = .)

.fini_array     0x080094cc        0x4
                [!provide]                PROVIDE (__fini_array_start = .)
 *(SORT_BY_NAME(.fini_array.*))
 *(.fini_array*)
 .fini_array    0x080094cc        0x4 d:/stm32_vscode_bag/gnu/bin/../lib/gcc/arm-none-eabi/10.3.1/thumb/v7-m/nofp/crtbegin.o
                [!provide]                PROVIDE (__fini_array_end = .)
                0x080094d0                _sidata = LOADADDR (.data)

.data           0x20000000      0x1dc load address 0x080094d0
                0x20000000                . = ALIGN (0x4)
                0x20000000                _sdata = .
 *(.data)
 *(.data*)
 .data.uwTickFreq
                0x20000000        0x1 build/stm32f1xx_hal.o
                0x20000000                uwTickFreq
 *fill*         0x20000001        0x3 
 .data.uwTickPrio
                0x20000004        0x4 build/stm32f1xx_hal.o
                0x20000004                uwTickPrio
 .data.SystemCoreClock
                0x20000008        0x4 build/system_stm32f1xx.o
                0x20000008                SystemCoreClock
 .data._impure_ptr
                0x2000000c        0x4 d:/stm32_vscode_bag/gnu/bin/../lib/gcc/arm-none-eabi/10.3.1/../../../../arm-none-eabi/lib/thumb/v7-m/nofp\libc_nano.a(lib_a-impure.o)
                0x2000000c                _impure_ptr
 .data.impure_data
                0x20000010       0x60 d:/stm32_vscode_bag/gnu/bin/../lib/gcc/arm-none-eabi/10.3.1/../../../../arm-none-eabi/lib/thumb/v7-m/nofp\libc_nano.a(lib_a-impure.o)
 .data.__global_locale
                0x20000070      0x16c d:/stm32_vscode_bag/gnu/bin/../lib/gcc/arm-none-eabi/10.3.1/../../../../arm-none-eabi/lib/thumb/v7-m/nofp\libc_nano.a(lib_a-locale.o)
                0x20000070                __global_locale
                0x200001dc                . = ALIGN (0x4)
                0x200001dc                _edata = .

.igot.plt       0x200001dc        0x0 load address 0x080096ac
 .igot.plt      0x200001dc        0x0 d:/stm32_vscode_bag/gnu/bin/../lib/gcc/arm-none-eabi/10.3.1/thumb/v7-m/nofp/crtbegin.o
                0x200001dc                . = ALIGN (0x4)

.bss            0x200001dc      0x354 load address 0x080096ac
                0x200001dc                _sbss = .
                0x200001dc                __bss_start__ = _sbss
 *(.bss)
 .bss           0x200001dc       0x1c d:/stm32_vscode_bag/gnu/bin/../lib/gcc/arm-none-eabi/10.3.1/thumb/v7-m/nofp/crtbegin.o
 *(.bss*)
 .bss.htim2     0x200001f8       0x48 build/tim.o
                0x200001f8                htim2
 .bss.htim3     0x20000240       0x48 build/tim.o
                0x20000240                htim3
 .bss.uwTick    0x20000288        0x4 build/stm32f1xx_hal.o
                0x20000288                uwTick
 .bss.__sbrk_heap_end
                0x2000028c        0x4 build/sysmem.o
 .bss.hi2c1     0x20000290       0x54 build/i2c.o
                0x20000290                hi2c1
 .bss.huart1    0x200002e4       0x48 build/usart.o
                0x200002e4                huart1
 .bss.Last_Angle
                0x2000032c        0x4 build/AS5600.o
                0x2000032c                Last_Angle
 .bss.Now_Angle
                0x20000330        0x4 build/AS5600.o
                0x20000330                Now_Angle
 .bss.angle_prev
                0x20000334        0x4 build/AS5600.o
                0x20000334                angle_prev
 .bss.full_rotations
                0x20000338        0x4 build/AS5600.o
                0x20000338                full_rotations
 .bss.Amp_Offset
                0x2000033c        0x8 build/PMSM_FOC.o
                0x2000033c                Amp_Offset
 .bss.MyADC_Value
                0x20000344        0x4 build/PMSM_FOC.o
                0x20000344                MyADC_Value
 .bss.Speed_pid
                0x20000348       0x24 build/PMSM_FOC.o
                0x20000348                Speed_pid
 .bss.test_AB   0x2000036c        0x8 build/PMSM_FOC.o
                0x2000036c                test_AB
 .bss.test_DQ   0x20000374        0xc build/PMSM_FOC.o
                0x20000374                test_DQ
 .bss.test_Duty
                0x20000380        0xc build/PMSM_FOC.o
                0x20000380                test_Duty
 .bss.test_ctrl
                0x2000038c       0x28 build/PMSM_FOC.o
                0x2000038c                test_ctrl
 .bss.test_speed
                0x200003b4        0x4 build/PMSM_FOC.o
                0x200003b4                test_speed
 .bss.Car_on_off
                0x200003b8        0x4 build/Master_PC.o
                0x200003b8                Car_on_off
 .bss.Data_BitNum
                0x200003bc        0x1 build/Master_PC.o
                0x200003bc                Data_BitNum
 *fill*         0x200003bd        0x3 
 .bss.Get_On_or_off
                0x200003c0       0x64 build/Master_PC.o
                0x200003c0                Get_On_or_off
 .bss.Get_Vofa_RxData
                0x20000424       0x64 build/Master_PC.o
                0x20000424                Get_Vofa_RxData
 .bss.On_or_off_RxFlag
                0x20000488        0x1 build/Master_PC.o
                0x20000488                On_or_off_RxFlag
 .bss.On_or_off_RxState.1
                0x20000489        0x1 build/Master_PC.o
 .bss.On_or_off_pRxPacket.0
                0x2000048a        0x1 build/Master_PC.o
 *fill*         0x2000048b        0x1 
 .bss.PID_Mode  0x2000048c       0x18 build/Master_PC.o
                0x2000048c                PID_Mode
 .bss.PID_RxFlag
                0x200004a4        0x1 build/Master_PC.o
                0x200004a4                PID_RxFlag
 .bss.PID_RxState.3
                0x200004a5        0x1 build/Master_PC.o
 .bss.PID_index_1
                0x200004a6        0x1 build/Master_PC.o
                0x200004a6                PID_index_1
 .bss.PID_index_2
                0x200004a7        0x1 build/Master_PC.o
                0x200004a7                PID_index_2
 .bss.PID_pRxPacket.2
                0x200004a8        0x1 build/Master_PC.o
 .bss.Rx_Byte   0x200004a9        0x1 build/Master_PC.o
                0x200004a9                Rx_Byte
 .bss.id_Flag_1
                0x200004aa        0x1 build/Master_PC.o
                0x200004aa                id_Flag_1
 .bss.id_Flag_2
                0x200004ab        0x1 build/Master_PC.o
                0x200004ab                id_Flag_2
 .bss.hadc1     0x200004ac       0x30 build/adc.o
                0x200004ac                hadc1
 .bss.hdma_adc1
                0x200004dc       0x44 build/adc.o
                0x200004dc                hdma_adc1
 .bss.__lock___malloc_recursive_mutex
                0x20000520        0x1 d:/stm32_vscode_bag/gnu/bin/../lib/gcc/arm-none-eabi/10.3.1/../../../../arm-none-eabi/lib/thumb/v7-m/nofp\libc_nano.a(lib_a-lock.o)
                0x20000520                __lock___malloc_recursive_mutex
 .bss.__lock___sfp_recursive_mutex
                0x20000521        0x1 d:/stm32_vscode_bag/gnu/bin/../lib/gcc/arm-none-eabi/10.3.1/../../../../arm-none-eabi/lib/thumb/v7-m/nofp\libc_nano.a(lib_a-lock.o)
                0x20000521                __lock___sfp_recursive_mutex
 .bss.__lock___sinit_recursive_mutex
                0x20000522        0x1 d:/stm32_vscode_bag/gnu/bin/../lib/gcc/arm-none-eabi/10.3.1/../../../../arm-none-eabi/lib/thumb/v7-m/nofp\libc_nano.a(lib_a-lock.o)
                0x20000522                __lock___sinit_recursive_mutex
 *fill*         0x20000523        0x1 
 .bss.__malloc_free_list
                0x20000524        0x4 d:/stm32_vscode_bag/gnu/bin/../lib/gcc/arm-none-eabi/10.3.1/../../../../arm-none-eabi/lib/thumb/v7-m/nofp\libc_nano.a(lib_a-nano-mallocr.o)
                0x20000524                __malloc_free_list
 .bss.__malloc_sbrk_start
                0x20000528        0x4 d:/stm32_vscode_bag/gnu/bin/../lib/gcc/arm-none-eabi/10.3.1/../../../../arm-none-eabi/lib/thumb/v7-m/nofp\libc_nano.a(lib_a-nano-mallocr.o)
                0x20000528                __malloc_sbrk_start
 .bss.errno     0x2000052c        0x4 d:/stm32_vscode_bag/gnu/bin/../lib/gcc/arm-none-eabi/10.3.1/../../../../arm-none-eabi/lib/thumb/v7-m/nofp\libc_nano.a(lib_a-reent.o)
                0x2000052c                errno
 *(COMMON)
                0x20000530                . = ALIGN (0x4)
                0x20000530                _ebss = .
                0x20000530                __bss_end__ = _ebss

._user_heap_stack
                0x20000530      0x600 load address 0x080096ac
                0x20000530                . = ALIGN (0x8)
                [!provide]                PROVIDE (end = .)
                0x20000530                PROVIDE (_end = .)
                0x20000730                . = (. + _Min_Heap_Size)
 *fill*         0x20000530      0x200 
                0x20000b30                . = (. + _Min_Stack_Size)
 *fill*         0x20000730      0x400 
                0x20000b30                . = ALIGN (0x8)

/DISCARD/
 libc.a(*)
 libm.a(*)
 libgcc.a(*)

.ARM.attributes
                0x00000000       0x29
 *(.ARM.attributes)
 .ARM.attributes
                0x00000000       0x1d d:/stm32_vscode_bag/gnu/bin/../lib/gcc/arm-none-eabi/10.3.1/thumb/v7-m/nofp/crti.o
 .ARM.attributes
                0x0000001d       0x2d d:/stm32_vscode_bag/gnu/bin/../lib/gcc/arm-none-eabi/10.3.1/thumb/v7-m/nofp/crtbegin.o
 .ARM.attributes
                0x0000004a       0x2d build/main.o
 .ARM.attributes
                0x00000077       0x2d build/gpio.o
 .ARM.attributes
                0x000000a4       0x2d build/tim.o
 .ARM.attributes
                0x000000d1       0x2d build/stm32f1xx_it.o
 .ARM.attributes
                0x000000fe       0x2d build/stm32f1xx_hal_msp.o
 .ARM.attributes
                0x0000012b       0x2d build/stm32f1xx_hal_tim.o
 .ARM.attributes
                0x00000158       0x2d build/stm32f1xx_hal_tim_ex.o
 .ARM.attributes
                0x00000185       0x2d build/stm32f1xx_hal.o
 .ARM.attributes
                0x000001b2       0x2d build/stm32f1xx_hal_rcc.o
 .ARM.attributes
                0x000001df       0x2d build/stm32f1xx_hal_rcc_ex.o
 .ARM.attributes
                0x0000020c       0x2d build/stm32f1xx_hal_gpio.o
 .ARM.attributes
                0x00000239       0x2d build/stm32f1xx_hal_dma.o
 .ARM.attributes
                0x00000266       0x2d build/stm32f1xx_hal_cortex.o
 .ARM.attributes
                0x00000293       0x2d build/system_stm32f1xx.o
 .ARM.attributes
                0x000002c0       0x2d build/sysmem.o
 .ARM.attributes
                0x000002ed       0x2d build/syscalls.o
 .ARM.attributes
                0x0000031a       0x2d build/i2c.o
 .ARM.attributes
                0x00000347       0x2d build/stm32f1xx_hal_i2c.o
 .ARM.attributes
                0x00000374       0x2d build/usart.o
 .ARM.attributes
                0x000003a1       0x2d build/stm32f1xx_hal_uart.o
 .ARM.attributes
                0x000003ce       0x2d build/AS5600.o
 .ARM.attributes
                0x000003fb       0x2d build/test.o
 .ARM.attributes
                0x00000428       0x2d build/PMSM_FOC.o
 .ARM.attributes
                0x00000455       0x2d build/Master_PC.o
 .ARM.attributes
                0x00000482       0x2d build/adc.o
 .ARM.attributes
                0x000004af       0x2d build/stm32f1xx_hal_adc.o
 .ARM.attributes
                0x000004dc       0x2d build/stm32f1xx_hal_adc_ex.o
 .ARM.attributes
                0x00000509       0x2d build/dma.o
 .ARM.attributes
                0x00000536       0x21 build/startup_stm32f103xb.o
 .ARM.attributes
                0x00000557       0x2d d:/stm32_vscode_bag/gnu/bin/../lib/gcc/arm-none-eabi/10.3.1/../../../../arm-none-eabi/lib/thumb/v7-m/nofp\libc_nano.a(lib_a-errno.o)
 .ARM.attributes
                0x00000584       0x2d d:/stm32_vscode_bag/gnu/bin/../lib/gcc/arm-none-eabi/10.3.1/../../../../arm-none-eabi/lib/thumb/v7-m/nofp\libc_nano.a(lib_a-impure.o)
 .ARM.attributes
                0x000005b1       0x2d d:/stm32_vscode_bag/gnu/bin/../lib/gcc/arm-none-eabi/10.3.1/../../../../arm-none-eabi/lib/thumb/v7-m/nofp\libc_nano.a(lib_a-init.o)
 .ARM.attributes
                0x000005de       0x2d d:/stm32_vscode_bag/gnu/bin/../lib/gcc/arm-none-eabi/10.3.1/../../../../arm-none-eabi/lib/thumb/v7-m/nofp\libc_nano.a(lib_a-memset.o)
 .ARM.attributes
                0x0000060b       0x2d d:/stm32_vscode_bag/gnu/bin/../lib/gcc/arm-none-eabi/10.3.1/../../../../arm-none-eabi/lib/thumb/v7-m/nofp\libc_nano.a(lib_a-nano-vfprintf_float.o)
 .ARM.attributes
                0x00000638       0x2d d:/stm32_vscode_bag/gnu/bin/../lib/gcc/arm-none-eabi/10.3.1/../../../../arm-none-eabi/lib/thumb/v7-m/nofp\libc_nano.a(lib_a-nano-vfprintf_i.o)
 .ARM.attributes
                0x00000665       0x2d d:/stm32_vscode_bag/gnu/bin/../lib/gcc/arm-none-eabi/10.3.1/../../../../arm-none-eabi/lib/thumb/v7-m/nofp\libc_nano.a(lib_a-printf.o)
 .ARM.attributes
                0x00000692       0x17 d:/stm32_vscode_bag/gnu/bin/../lib/gcc/arm-none-eabi/10.3.1/../../../../arm-none-eabi/lib/thumb/v7-m/nofp\libc_nano.a(lib_a-strlen.o)
 .ARM.attributes
                0x000006a9       0x2d d:/stm32_vscode_bag/gnu/bin/../lib/gcc/arm-none-eabi/10.3.1/../../../../arm-none-eabi/lib/thumb/v7-m/nofp\libc_nano.a(lib_a-dtoa.o)
 .ARM.attributes
                0x000006d6       0x2d d:/stm32_vscode_bag/gnu/bin/../lib/gcc/arm-none-eabi/10.3.1/../../../../arm-none-eabi/lib/thumb/v7-m/nofp\libc_nano.a(lib_a-findfp.o)
 .ARM.attributes
                0x00000703       0x2d d:/stm32_vscode_bag/gnu/bin/../lib/gcc/arm-none-eabi/10.3.1/../../../../arm-none-eabi/lib/thumb/v7-m/nofp\libc_nano.a(lib_a-fwalk.o)
 .ARM.attributes
                0x00000730       0x2d d:/stm32_vscode_bag/gnu/bin/../lib/gcc/arm-none-eabi/10.3.1/../../../../arm-none-eabi/lib/thumb/v7-m/nofp\libc_nano.a(lib_a-localeconv.o)
 .ARM.attributes
                0x0000075d       0x2d d:/stm32_vscode_bag/gnu/bin/../lib/gcc/arm-none-eabi/10.3.1/../../../../arm-none-eabi/lib/thumb/v7-m/nofp\libc_nano.a(lib_a-lock.o)
 .ARM.attributes
                0x0000078a       0x2d d:/stm32_vscode_bag/gnu/bin/../lib/gcc/arm-none-eabi/10.3.1/../../../../arm-none-eabi/lib/thumb/v7-m/nofp\libc_nano.a(lib_a-malloc.o)
 .ARM.attributes
                0x000007b7       0x2d d:/stm32_vscode_bag/gnu/bin/../lib/gcc/arm-none-eabi/10.3.1/../../../../arm-none-eabi/lib/thumb/v7-m/nofp\libc_nano.a(lib_a-memchr-stub.o)
 .ARM.attributes
                0x000007e4       0x2d d:/stm32_vscode_bag/gnu/bin/../lib/gcc/arm-none-eabi/10.3.1/../../../../arm-none-eabi/lib/thumb/v7-m/nofp\libc_nano.a(lib_a-memcpy-stub.o)
 .ARM.attributes
                0x00000811       0x2d d:/stm32_vscode_bag/gnu/bin/../lib/gcc/arm-none-eabi/10.3.1/../../../../arm-none-eabi/lib/thumb/v7-m/nofp\libc_nano.a(lib_a-mprec.o)
 .ARM.attributes
                0x0000083e       0x2d d:/stm32_vscode_bag/gnu/bin/../lib/gcc/arm-none-eabi/10.3.1/../../../../arm-none-eabi/lib/thumb/v7-m/nofp\libc_nano.a(lib_a-nano-callocr.o)
 .ARM.attributes
                0x0000086b       0x2d d:/stm32_vscode_bag/gnu/bin/../lib/gcc/arm-none-eabi/10.3.1/../../../../arm-none-eabi/lib/thumb/v7-m/nofp\libc_nano.a(lib_a-nano-freer.o)
 .ARM.attributes
                0x00000898       0x2d d:/stm32_vscode_bag/gnu/bin/../lib/gcc/arm-none-eabi/10.3.1/../../../../arm-none-eabi/lib/thumb/v7-m/nofp\libc_nano.a(lib_a-nano-mallocr.o)
 .ARM.attributes
                0x000008c5       0x2d d:/stm32_vscode_bag/gnu/bin/../lib/gcc/arm-none-eabi/10.3.1/../../../../arm-none-eabi/lib/thumb/v7-m/nofp\libc_nano.a(lib_a-nano-vfprintf.o)
 .ARM.attributes
                0x000008f2       0x2d d:/stm32_vscode_bag/gnu/bin/../lib/gcc/arm-none-eabi/10.3.1/../../../../arm-none-eabi/lib/thumb/v7-m/nofp\libc_nano.a(lib_a-sbrkr.o)
 .ARM.attributes
                0x0000091f       0x2d d:/stm32_vscode_bag/gnu/bin/../lib/gcc/arm-none-eabi/10.3.1/../../../../arm-none-eabi/lib/thumb/v7-m/nofp\libc_nano.a(lib_a-stdio.o)
 .ARM.attributes
                0x0000094c       0x2d d:/stm32_vscode_bag/gnu/bin/../lib/gcc/arm-none-eabi/10.3.1/../../../../arm-none-eabi/lib/thumb/v7-m/nofp\libc_nano.a(lib_a-wbuf.o)
 .ARM.attributes
                0x00000979       0x2d d:/stm32_vscode_bag/gnu/bin/../lib/gcc/arm-none-eabi/10.3.1/../../../../arm-none-eabi/lib/thumb/v7-m/nofp\libc_nano.a(lib_a-writer.o)
 .ARM.attributes
                0x000009a6       0x2d d:/stm32_vscode_bag/gnu/bin/../lib/gcc/arm-none-eabi/10.3.1/../../../../arm-none-eabi/lib/thumb/v7-m/nofp\libc_nano.a(lib_a-wsetup.o)
 .ARM.attributes
                0x000009d3       0x2d d:/stm32_vscode_bag/gnu/bin/../lib/gcc/arm-none-eabi/10.3.1/../../../../arm-none-eabi/lib/thumb/v7-m/nofp\libc_nano.a(lib_a-assert.o)
 .ARM.attributes
                0x00000a00       0x2d d:/stm32_vscode_bag/gnu/bin/../lib/gcc/arm-none-eabi/10.3.1/../../../../arm-none-eabi/lib/thumb/v7-m/nofp\libc_nano.a(lib_a-closer.o)
 .ARM.attributes
                0x00000a2d       0x2d d:/stm32_vscode_bag/gnu/bin/../lib/gcc/arm-none-eabi/10.3.1/../../../../arm-none-eabi/lib/thumb/v7-m/nofp\libc_nano.a(lib_a-fflush.o)
 .ARM.attributes
                0x00000a5a       0x2d d:/stm32_vscode_bag/gnu/bin/../lib/gcc/arm-none-eabi/10.3.1/../../../../arm-none-eabi/lib/thumb/v7-m/nofp\libc_nano.a(lib_a-fprintf.o)
 .ARM.attributes
                0x00000a87       0x2d d:/stm32_vscode_bag/gnu/bin/../lib/gcc/arm-none-eabi/10.3.1/../../../../arm-none-eabi/lib/thumb/v7-m/nofp\libc_nano.a(lib_a-locale.o)
 .ARM.attributes
                0x00000ab4       0x2d d:/stm32_vscode_bag/gnu/bin/../lib/gcc/arm-none-eabi/10.3.1/../../../../arm-none-eabi/lib/thumb/v7-m/nofp\libc_nano.a(lib_a-lseekr.o)
 .ARM.attributes
                0x00000ae1       0x2d d:/stm32_vscode_bag/gnu/bin/../lib/gcc/arm-none-eabi/10.3.1/../../../../arm-none-eabi/lib/thumb/v7-m/nofp\libc_nano.a(lib_a-makebuf.o)
 .ARM.attributes
                0x00000b0e       0x2d d:/stm32_vscode_bag/gnu/bin/../lib/gcc/arm-none-eabi/10.3.1/../../../../arm-none-eabi/lib/thumb/v7-m/nofp\libc_nano.a(lib_a-mbtowc_r.o)
 .ARM.attributes
                0x00000b3b       0x2d d:/stm32_vscode_bag/gnu/bin/../lib/gcc/arm-none-eabi/10.3.1/../../../../arm-none-eabi/lib/thumb/v7-m/nofp\libc_nano.a(lib_a-mlock.o)
 .ARM.attributes
                0x00000b68       0x2d d:/stm32_vscode_bag/gnu/bin/../lib/gcc/arm-none-eabi/10.3.1/../../../../arm-none-eabi/lib/thumb/v7-m/nofp\libc_nano.a(lib_a-readr.o)
 .ARM.attributes
                0x00000b95       0x2d d:/stm32_vscode_bag/gnu/bin/../lib/gcc/arm-none-eabi/10.3.1/../../../../arm-none-eabi/lib/thumb/v7-m/nofp\libc_nano.a(lib_a-reent.o)
 .ARM.attributes
                0x00000bc2       0x2d d:/stm32_vscode_bag/gnu/bin/../lib/gcc/arm-none-eabi/10.3.1/../../../../arm-none-eabi/lib/thumb/v7-m/nofp\libc_nano.a(lib_a-wctomb_r.o)
 .ARM.attributes
                0x00000bef       0x2d d:/stm32_vscode_bag/gnu/bin/../lib/gcc/arm-none-eabi/10.3.1/../../../../arm-none-eabi/lib/thumb/v7-m/nofp\libc_nano.a(lib_a-abort.o)
 .ARM.attributes
                0x00000c1c       0x2d d:/stm32_vscode_bag/gnu/bin/../lib/gcc/arm-none-eabi/10.3.1/../../../../arm-none-eabi/lib/thumb/v7-m/nofp\libc_nano.a(lib_a-ctype_.o)
 .ARM.attributes
                0x00000c49       0x2d d:/stm32_vscode_bag/gnu/bin/../lib/gcc/arm-none-eabi/10.3.1/../../../../arm-none-eabi/lib/thumb/v7-m/nofp\libc_nano.a(lib_a-fstatr.o)
 .ARM.attributes
                0x00000c76       0x2d d:/stm32_vscode_bag/gnu/bin/../lib/gcc/arm-none-eabi/10.3.1/../../../../arm-none-eabi/lib/thumb/v7-m/nofp\libc_nano.a(lib_a-isattyr.o)
 .ARM.attributes
                0x00000ca3       0x2d d:/stm32_vscode_bag/gnu/bin/../lib/gcc/arm-none-eabi/10.3.1/../../../../arm-none-eabi/lib/thumb/v7-m/nofp\libc_nano.a(lib_a-signal.o)
 .ARM.attributes
                0x00000cd0       0x2d d:/stm32_vscode_bag/gnu/bin/../lib/gcc/arm-none-eabi/10.3.1/../../../../arm-none-eabi/lib/thumb/v7-m/nofp\libc_nano.a(lib_a-signalr.o)
 .ARM.attributes
                0x00000cfd       0x2d d:/stm32_vscode_bag/gnu/bin/../lib/gcc/arm-none-eabi/10.3.1/../../../../arm-none-eabi/lib/thumb/v7-m/nofp\libm.a(lib_a-s_cos.o)
 .ARM.attributes
                0x00000d2a       0x2d d:/stm32_vscode_bag/gnu/bin/../lib/gcc/arm-none-eabi/10.3.1/../../../../arm-none-eabi/lib/thumb/v7-m/nofp\libm.a(lib_a-s_sin.o)
 .ARM.attributes
                0x00000d57       0x2d d:/stm32_vscode_bag/gnu/bin/../lib/gcc/arm-none-eabi/10.3.1/../../../../arm-none-eabi/lib/thumb/v7-m/nofp\libm.a(lib_a-e_rem_pio2.o)
 .ARM.attributes
                0x00000d84       0x2d d:/stm32_vscode_bag/gnu/bin/../lib/gcc/arm-none-eabi/10.3.1/../../../../arm-none-eabi/lib/thumb/v7-m/nofp\libm.a(lib_a-k_cos.o)
 .ARM.attributes
                0x00000db1       0x2d d:/stm32_vscode_bag/gnu/bin/../lib/gcc/arm-none-eabi/10.3.1/../../../../arm-none-eabi/lib/thumb/v7-m/nofp\libm.a(lib_a-k_rem_pio2.o)
 .ARM.attributes
                0x00000dde       0x2d d:/stm32_vscode_bag/gnu/bin/../lib/gcc/arm-none-eabi/10.3.1/../../../../arm-none-eabi/lib/thumb/v7-m/nofp\libm.a(lib_a-k_sin.o)
 .ARM.attributes
                0x00000e0b       0x2d d:/stm32_vscode_bag/gnu/bin/../lib/gcc/arm-none-eabi/10.3.1/../../../../arm-none-eabi/lib/thumb/v7-m/nofp\libm.a(lib_a-s_fabs.o)
 .ARM.attributes
                0x00000e38       0x2d d:/stm32_vscode_bag/gnu/bin/../lib/gcc/arm-none-eabi/10.3.1/../../../../arm-none-eabi/lib/thumb/v7-m/nofp\libm.a(lib_a-s_floor.o)
 .ARM.attributes
                0x00000e65       0x2d d:/stm32_vscode_bag/gnu/bin/../lib/gcc/arm-none-eabi/10.3.1/../../../../arm-none-eabi/lib/thumb/v7-m/nofp\libm.a(lib_a-s_scalbn.o)
 .ARM.attributes
                0x00000e92       0x1d d:/stm32_vscode_bag/gnu/bin/../lib/gcc/arm-none-eabi/10.3.1/thumb/v7-m/nofp\libgcc.a(_arm_addsubdf3.o)
 .ARM.attributes
                0x00000eaf       0x1d d:/stm32_vscode_bag/gnu/bin/../lib/gcc/arm-none-eabi/10.3.1/thumb/v7-m/nofp\libgcc.a(_arm_muldivdf3.o)
 .ARM.attributes
                0x00000ecc       0x1d d:/stm32_vscode_bag/gnu/bin/../lib/gcc/arm-none-eabi/10.3.1/thumb/v7-m/nofp\libgcc.a(_arm_cmpdf2.o)
 .ARM.attributes
                0x00000ee9       0x1d d:/stm32_vscode_bag/gnu/bin/../lib/gcc/arm-none-eabi/10.3.1/thumb/v7-m/nofp\libgcc.a(_arm_unorddf2.o)
 .ARM.attributes
                0x00000f06       0x1d d:/stm32_vscode_bag/gnu/bin/../lib/gcc/arm-none-eabi/10.3.1/thumb/v7-m/nofp\libgcc.a(_arm_fixdfsi.o)
 .ARM.attributes
                0x00000f23       0x1d d:/stm32_vscode_bag/gnu/bin/../lib/gcc/arm-none-eabi/10.3.1/thumb/v7-m/nofp\libgcc.a(_arm_truncdfsf2.o)
 .ARM.attributes
                0x00000f40       0x1d d:/stm32_vscode_bag/gnu/bin/../lib/gcc/arm-none-eabi/10.3.1/thumb/v7-m/nofp\libgcc.a(_arm_addsubsf3.o)
 .ARM.attributes
                0x00000f5d       0x1d d:/stm32_vscode_bag/gnu/bin/../lib/gcc/arm-none-eabi/10.3.1/thumb/v7-m/nofp\libgcc.a(_arm_muldivsf3.o)
 .ARM.attributes
                0x00000f7a       0x1d d:/stm32_vscode_bag/gnu/bin/../lib/gcc/arm-none-eabi/10.3.1/thumb/v7-m/nofp\libgcc.a(_arm_cmpsf2.o)
 .ARM.attributes
                0x00000f97       0x1d d:/stm32_vscode_bag/gnu/bin/../lib/gcc/arm-none-eabi/10.3.1/thumb/v7-m/nofp\libgcc.a(_arm_fixunssfsi.o)
 .ARM.attributes
                0x00000fb4       0x1d d:/stm32_vscode_bag/gnu/bin/../lib/gcc/arm-none-eabi/10.3.1/thumb/v7-m/nofp/crtn.o
OUTPUT(build/My_FOC.elf elf32-littlearm)
LOAD linker stubs
LOAD d:/stm32_vscode_bag/gnu/bin/../lib/gcc/arm-none-eabi/10.3.1/../../../../arm-none-eabi/lib/thumb/v7-m/nofp\libc.a
LOAD d:/stm32_vscode_bag/gnu/bin/../lib/gcc/arm-none-eabi/10.3.1/../../../../arm-none-eabi/lib/thumb/v7-m/nofp\libm.a
LOAD d:/stm32_vscode_bag/gnu/bin/../lib/gcc/arm-none-eabi/10.3.1/thumb/v7-m/nofp\libgcc.a

.debug_info     0x00000000    0x1c955
 .debug_info    0x00000000     0x1348 build/main.o
 .debug_info    0x00001348      0x34c build/gpio.o
 .debug_info    0x00001694      0xed3 build/tim.o
 .debug_info    0x00002567      0xb06 build/stm32f1xx_it.o
 .debug_info    0x0000306d      0x23f build/stm32f1xx_hal_msp.o
 .debug_info    0x000032ac     0x4074 build/stm32f1xx_hal_tim.o
 .debug_info    0x00007320     0x1c39 build/stm32f1xx_hal_tim_ex.o
 .debug_info    0x00008f59      0x855 build/stm32f1xx_hal.o
 .debug_info    0x000097ae      0xaf0 build/stm32f1xx_hal_rcc.o
 .debug_info    0x0000a29e      0x47f build/stm32f1xx_hal_rcc_ex.o
 .debug_info    0x0000a71d      0x6d7 build/stm32f1xx_hal_gpio.o
 .debug_info    0x0000adf4      0x8c0 build/stm32f1xx_hal_dma.o
 .debug_info    0x0000b6b4      0xe2d build/stm32f1xx_hal_cortex.o
 .debug_info    0x0000c4e1      0x26e build/system_stm32f1xx.o
 .debug_info    0x0000c74f      0x185 build/sysmem.o
 .debug_info    0x0000c8d4      0x835 build/syscalls.o
 .debug_info    0x0000d109      0xa0a build/i2c.o
 .debug_info    0x0000db13     0x3cad build/stm32f1xx_hal_i2c.o
 .debug_info    0x000117c0      0xace build/usart.o
 .debug_info    0x0001228e     0x42a4 build/stm32f1xx_hal_uart.o
 .debug_info    0x00016532      0xb7a build/AS5600.o
 .debug_info    0x000170ac      0x672 build/test.o
 .debug_info    0x0001771e     0x1d5b build/PMSM_FOC.o
 .debug_info    0x00019479      0xa7e build/Master_PC.o
 .debug_info    0x00019ef7      0x9b3 build/adc.o
 .debug_info    0x0001a8aa     0x1054 build/stm32f1xx_hal_adc.o
 .debug_info    0x0001b8fe      0xd19 build/stm32f1xx_hal_adc_ex.o
 .debug_info    0x0001c617      0x31c build/dma.o
 .debug_info    0x0001c933       0x22 build/startup_stm32f103xb.o

.debug_abbrev   0x00000000     0x3ab9
 .debug_abbrev  0x00000000      0x27b build/main.o
 .debug_abbrev  0x0000027b      0x13f build/gpio.o
 .debug_abbrev  0x000003ba      0x229 build/tim.o
 .debug_abbrev  0x000005e3      0x183 build/stm32f1xx_it.o
 .debug_abbrev  0x00000766       0xe7 build/stm32f1xx_hal_msp.o
 .debug_abbrev  0x0000084d      0x29d build/stm32f1xx_hal_tim.o
 .debug_abbrev  0x00000aea      0x29f build/stm32f1xx_hal_tim_ex.o
 .debug_abbrev  0x00000d89      0x1f7 build/stm32f1xx_hal.o
 .debug_abbrev  0x00000f80      0x2b8 build/stm32f1xx_hal_rcc.o
 .debug_abbrev  0x00001238      0x1d5 build/stm32f1xx_hal_rcc_ex.o
 .debug_abbrev  0x0000140d      0x222 build/stm32f1xx_hal_gpio.o
 .debug_abbrev  0x0000162f      0x244 build/stm32f1xx_hal_dma.o
 .debug_abbrev  0x00001873      0x359 build/stm32f1xx_hal_cortex.o
 .debug_abbrev  0x00001bcc      0x140 build/system_stm32f1xx.o
 .debug_abbrev  0x00001d0c       0xea build/sysmem.o
 .debug_abbrev  0x00001df6      0x1c4 build/syscalls.o
 .debug_abbrev  0x00001fba      0x1eb build/i2c.o
 .debug_abbrev  0x000021a5      0x306 build/stm32f1xx_hal_i2c.o
 .debug_abbrev  0x000024ab      0x1d5 build/usart.o
 .debug_abbrev  0x00002680      0x334 build/stm32f1xx_hal_uart.o
 .debug_abbrev  0x000029b4      0x222 build/AS5600.o
 .debug_abbrev  0x00002bd6      0x17a build/test.o
 .debug_abbrev  0x00002d50      0x341 build/PMSM_FOC.o
 .debug_abbrev  0x00003091      0x28f build/Master_PC.o
 .debug_abbrev  0x00003320      0x1cd build/adc.o
 .debug_abbrev  0x000034ed      0x239 build/stm32f1xx_hal_adc.o
 .debug_abbrev  0x00003726      0x26a build/stm32f1xx_hal_adc_ex.o
 .debug_abbrev  0x00003990      0x117 build/dma.o
 .debug_abbrev  0x00003aa7       0x12 build/startup_stm32f103xb.o

.debug_loc      0x00000000    0x1773c
 .debug_loc     0x00000000       0x66 build/main.o
 .debug_loc     0x00000066       0x38 build/gpio.o
 .debug_loc     0x0000009e      0x1f9 build/tim.o
 .debug_loc     0x00000297       0x80 build/stm32f1xx_it.o
 .debug_loc     0x00000317       0x41 build/stm32f1xx_hal_msp.o
 .debug_loc     0x00000358     0x5c88 build/stm32f1xx_hal_tim.o
 .debug_loc     0x00005fe0     0x20f3 build/stm32f1xx_hal_tim_ex.o
 .debug_loc     0x000080d3      0x1e1 build/stm32f1xx_hal.o
 .debug_loc     0x000082b4      0x790 build/stm32f1xx_hal_rcc.o
 .debug_loc     0x00008a44      0x495 build/stm32f1xx_hal_rcc_ex.o
 .debug_loc     0x00008ed9      0x551 build/stm32f1xx_hal_gpio.o
 .debug_loc     0x0000942a      0x901 build/stm32f1xx_hal_dma.o
 .debug_loc     0x00009d2b      0x77f build/stm32f1xx_hal_cortex.o
 .debug_loc     0x0000a4aa       0xff build/system_stm32f1xx.o
 .debug_loc     0x0000a5a9       0x84 build/sysmem.o
 .debug_loc     0x0000a62d      0x511 build/syscalls.o
 .debug_loc     0x0000ab3e      0x12e build/i2c.o
 .debug_loc     0x0000ac6c     0x4e65 build/stm32f1xx_hal_i2c.o
 .debug_loc     0x0000fad1      0x108 build/usart.o
 .debug_loc     0x0000fbd9     0x4d23 build/stm32f1xx_hal_uart.o
 .debug_loc     0x000148fc      0x490 build/AS5600.o
 .debug_loc     0x00014d8c       0x99 build/test.o
 .debug_loc     0x00014e25      0xcd4 build/PMSM_FOC.o
 .debug_loc     0x00015af9      0x27e build/Master_PC.o
 .debug_loc     0x00015d77      0x119 build/adc.o
 .debug_loc     0x00015e90      0xe1b build/stm32f1xx_hal_adc.o
 .debug_loc     0x00016cab      0xa59 build/stm32f1xx_hal_adc_ex.o
 .debug_loc     0x00017704       0x38 build/dma.o

.debug_aranges  0x00000000     0x12e8
 .debug_aranges
                0x00000000       0x30 build/main.o
 .debug_aranges
                0x00000030       0x20 build/gpio.o
 .debug_aranges
                0x00000050       0x50 build/tim.o
 .debug_aranges
                0x000000a0       0x78 build/stm32f1xx_it.o
 .debug_aranges
                0x00000118       0x20 build/stm32f1xx_hal_msp.o
 .debug_aranges
                0x00000138      0x3d0 build/stm32f1xx_hal_tim.o
 .debug_aranges
                0x00000508      0x168 build/stm32f1xx_hal_tim_ex.o
 .debug_aranges
                0x00000670       0xe0 build/stm32f1xx_hal.o
 .debug_aranges
                0x00000750       0x90 build/stm32f1xx_hal_rcc.o
 .debug_aranges
                0x000007e0       0x30 build/stm32f1xx_hal_rcc_ex.o
 .debug_aranges
                0x00000810       0x58 build/stm32f1xx_hal_gpio.o
 .debug_aranges
                0x00000868       0x80 build/stm32f1xx_hal_dma.o
 .debug_aranges
                0x000008e8       0x90 build/stm32f1xx_hal_cortex.o
 .debug_aranges
                0x00000978       0x28 build/system_stm32f1xx.o
 .debug_aranges
                0x000009a0       0x20 build/sysmem.o
 .debug_aranges
                0x000009c0       0xa8 build/syscalls.o
 .debug_aranges
                0x00000a68       0x30 build/i2c.o
 .debug_aranges
                0x00000a98      0x2a8 build/stm32f1xx_hal_i2c.o
 .debug_aranges
                0x00000d40       0x30 build/usart.o
 .debug_aranges
                0x00000d70      0x208 build/stm32f1xx_hal_uart.o
 .debug_aranges
                0x00000f78       0x58 build/AS5600.o
 .debug_aranges
                0x00000fd0       0x20 build/test.o
 .debug_aranges
                0x00000ff0       0xc0 build/PMSM_FOC.o
 .debug_aranges
                0x000010b0       0x50 build/Master_PC.o
 .debug_aranges
                0x00001100       0x30 build/adc.o
 .debug_aranges
                0x00001130       0xf0 build/stm32f1xx_hal_adc.o
 .debug_aranges
                0x00001220       0x80 build/stm32f1xx_hal_adc_ex.o
 .debug_aranges
                0x000012a0       0x20 build/dma.o
 .debug_aranges
                0x000012c0       0x28 build/startup_stm32f103xb.o

.debug_ranges   0x00000000     0x1218
 .debug_ranges  0x00000000       0x20 build/main.o
 .debug_ranges  0x00000020       0x10 build/gpio.o
 .debug_ranges  0x00000030       0x40 build/tim.o
 .debug_ranges  0x00000070       0x68 build/stm32f1xx_it.o
 .debug_ranges  0x000000d8       0x10 build/stm32f1xx_hal_msp.o
 .debug_ranges  0x000000e8      0x3c0 build/stm32f1xx_hal_tim.o
 .debug_ranges  0x000004a8      0x158 build/stm32f1xx_hal_tim_ex.o
 .debug_ranges  0x00000600       0xd0 build/stm32f1xx_hal.o
 .debug_ranges  0x000006d0       0xa0 build/stm32f1xx_hal_rcc.o
 .debug_ranges  0x00000770       0x38 build/stm32f1xx_hal_rcc_ex.o
 .debug_ranges  0x000007a8       0x48 build/stm32f1xx_hal_gpio.o
 .debug_ranges  0x000007f0       0x70 build/stm32f1xx_hal_dma.o
 .debug_ranges  0x00000860       0xe0 build/stm32f1xx_hal_cortex.o
 .debug_ranges  0x00000940       0x18 build/system_stm32f1xx.o
 .debug_ranges  0x00000958       0x10 build/sysmem.o
 .debug_ranges  0x00000968       0x98 build/syscalls.o
 .debug_ranges  0x00000a00       0x20 build/i2c.o
 .debug_ranges  0x00000a20      0x2b0 build/stm32f1xx_hal_i2c.o
 .debug_ranges  0x00000cd0       0x20 build/usart.o
 .debug_ranges  0x00000cf0      0x210 build/stm32f1xx_hal_uart.o
 .debug_ranges  0x00000f00       0x48 build/AS5600.o
 .debug_ranges  0x00000f48       0x10 build/test.o
 .debug_ranges  0x00000f58       0xb0 build/PMSM_FOC.o
 .debug_ranges  0x00001008       0x70 build/Master_PC.o
 .debug_ranges  0x00001078       0x20 build/adc.o
 .debug_ranges  0x00001098       0xe0 build/stm32f1xx_hal_adc.o
 .debug_ranges  0x00001178       0x70 build/stm32f1xx_hal_adc_ex.o
 .debug_ranges  0x000011e8       0x10 build/dma.o
 .debug_ranges  0x000011f8       0x20 build/startup_stm32f103xb.o

.debug_line     0x00000000    0x17705
 .debug_line    0x00000000      0x49a build/main.o
 .debug_line    0x0000049a      0x1a1 build/gpio.o
 .debug_line    0x0000063b      0x42e build/tim.o
 .debug_line    0x00000a69      0x2f9 build/stm32f1xx_it.o
 .debug_line    0x00000d62      0x12b build/stm32f1xx_hal_msp.o
 .debug_line    0x00000e8d     0x491a build/stm32f1xx_hal_tim.o
 .debug_line    0x000057a7     0x1b79 build/stm32f1xx_hal_tim_ex.o
 .debug_line    0x00007320      0x4dc build/stm32f1xx_hal.o
 .debug_line    0x000077fc      0xbcc build/stm32f1xx_hal_rcc.o
 .debug_line    0x000083c8      0x441 build/stm32f1xx_hal_rcc_ex.o
 .debug_line    0x00008809      0x58f build/stm32f1xx_hal_gpio.o
 .debug_line    0x00008d98      0xa08 build/stm32f1xx_hal_dma.o
 .debug_line    0x000097a0      0x5e7 build/stm32f1xx_hal_cortex.o
 .debug_line    0x00009d87      0x1f4 build/system_stm32f1xx.o
 .debug_line    0x00009f7b      0x171 build/sysmem.o
 .debug_line    0x0000a0ec      0x3cc build/syscalls.o
 .debug_line    0x0000a4b8      0x293 build/i2c.o
 .debug_line    0x0000a74b     0x560a build/stm32f1xx_hal_i2c.o
 .debug_line    0x0000fd55      0x2b5 build/usart.o
 .debug_line    0x0001000a     0x4245 build/stm32f1xx_hal_uart.o
 .debug_line    0x0001424f      0x390 build/AS5600.o
 .debug_line    0x000145df      0x1d1 build/test.o
 .debug_line    0x000147b0      0xb07 build/PMSM_FOC.o
 .debug_line    0x000152b7      0x54f build/Master_PC.o
 .debug_line    0x00015806      0x320 build/adc.o
 .debug_line    0x00015b26      0xe9b build/stm32f1xx_hal_adc.o
 .debug_line    0x000169c1      0xb83 build/stm32f1xx_hal_adc_ex.o
 .debug_line    0x00017544      0x14d build/dma.o